Component: ARM Compiler 5.06 update 6 (build 750) Tool: armlink [4d35ed]

==============================================================================

Section Cross References

    main.o(i.LIGH_CTR_task) refers to delay.o(i.delay_ms) for delay_ms
    main.o(i.LIGH_CTR_task) refers to rtc_btl.o(.data) for SS
    main.o(i.READ_TEMPERATURE) refers to _printf_pad.o(.text) for _printf_pre_padding
    main.o(i.READ_TEMPERATURE) refers to _printf_percent.o(.ARM.Collect$$_printf_percent$$00000000) for _printf_percent
    main.o(i.READ_TEMPERATURE) refers to _printf_f.o(.ARM.Collect$$_printf_percent$$00000003) for _printf_f
    main.o(i.READ_TEMPERATURE) refers to printf1.o(x$fpl$printf1) for _printf_fp_dec
    main.o(i.READ_TEMPERATURE) refers to ds18b20.o(i.ds18b20_read) for ds18b20_read
    main.o(i.READ_TEMPERATURE) refers to f2d.o(x$fpl$f2d) for __aeabi_f2d
    main.o(i.READ_TEMPERATURE) refers to noretval__2sprintf.o(.text) for __2sprintf
    main.o(i.READ_TEMPERATURE) refers to delay.o(i.delay_ms) for delay_ms
    main.o(i.READ_TEMPERATURE) refers to main.o(.data) for nhietdo
    main.o(i.READ_TEMPERATURE) refers to main.o(.bss) for str
    main.o(i.TEMPERATURE_CTR_task) refers to frleqf.o(x$fpl$frleqf) for __aeabi_cfrcmple
    main.o(i.TEMPERATURE_CTR_task) refers to delay.o(i.delay_ms) for delay_ms
    main.o(i.TEMPERATURE_CTR_task) refers to fleqf.o(x$fpl$fleqf) for __aeabi_cfcmple
    main.o(i.TEMPERATURE_CTR_task) refers to main.o(.data) for nhietdo
    main.o(i.main) refers to misc.o(i.NVIC_PriorityGroupConfig) for NVIC_PriorityGroupConfig
    main.o(i.main) refers to delay.o(i.delay_init) for delay_init
    main.o(i.main) refers to led.o(i.LED_Init) for LED_Init
    main.o(i.main) refers to usart.o(i.USARTx_Init) for USARTx_Init
    main.o(i.main) refers to rtc_btl.o(i.RTC_init) for RTC_init
    main.o(i.main) refers to delay.o(i.delay_ms) for delay_ms
    main.o(i.main) refers to i2c_lcd.o(i.I2C_LCD_Configuration) for I2C_LCD_Configuration
    main.o(i.main) refers to i2c_lcd.o(i.lcd_init) for lcd_init
    main.o(i.main) refers to i2c_lcd.o(i.lcd_send_string) for lcd_send_string
    main.o(i.main) refers to i2c_lcd.o(i.lcd_Control_Write) for lcd_Control_Write
    main.o(i.main) refers to os_core.o(i.OSInit) for OSInit
    main.o(i.main) refers to os_task.o(i.OSTaskCreate) for OSTaskCreate
    main.o(i.main) refers to os_core.o(i.OSStart) for OSStart
    main.o(i.main) refers to rtc_btl.o(.data) for LS
    main.o(i.main) refers to main.o(.bss) for START_TASK_STK
    main.o(i.main) refers to main.o(i.start_task) for start_task
    main.o(i.main_task) refers to _printf_percent.o(.ARM.Collect$$_printf_percent$$00000000) for _printf_percent
    main.o(i.main_task) refers to _printf_d.o(.ARM.Collect$$_printf_percent$$00000009) for _printf_d
    main.o(i.main_task) refers to _printf_dec.o(.text) for _printf_int_dec
    main.o(i.main_task) refers to usart.o(i.USART_Gets) for USART_Gets
    main.o(i.main_task) refers to rtc_btl.o(i.Time_Current) for Time_Current
    main.o(i.main_task) refers to noretval__2sprintf.o(.text) for __2sprintf
    main.o(i.main_task) refers to noretval__2printf.o(.text) for __2printf
    main.o(i.main_task) refers to delay.o(i.delay_ms) for delay_ms
    main.o(i.main_task) refers to stm32f10x_rtc.o(i.RTC_GetCounter) for RTC_GetCounter
    main.o(i.main_task) refers to main.o(.data) for h
    main.o(i.main_task) refers to rtc_btl.o(.data) for HH
    main.o(i.main_task) refers to main.o(.bss) for a
    main.o(i.servo_task) refers to servo_drive.o(i.servo_180_deg) for servo_180_deg
    main.o(i.servo_task) refers to delay.o(i.delay_ms) for delay_ms
    main.o(i.servo_task) refers to rtc_btl.o(.data) for SS
    main.o(i.show_task) refers to i2c_lcd.o(i.Delete_LCD) for Delete_LCD
    main.o(i.show_task) refers to i2c_lcd.o(i.lcd_send_string) for lcd_send_string
    main.o(i.show_task) refers to i2c_lcd.o(i.lcd_Control_Write) for lcd_Control_Write
    main.o(i.show_task) refers to delay.o(i.delay_ms) for delay_ms
    main.o(i.show_task) refers to main.o(.bss) for a
    main.o(i.start_task) refers to os_mbox.o(i.OSMboxCreate) for OSMboxCreate
    main.o(i.start_task) refers to os_cpu_a.o(.text) for OS_CPU_SR_Save
    main.o(i.start_task) refers to os_task.o(i.OSTaskCreate) for OSTaskCreate
    main.o(i.start_task) refers to os_task.o(i.OSTaskSuspend) for OSTaskSuspend
    main.o(i.start_task) refers to main.o(.data) for msg_key
    main.o(i.start_task) refers to main.o(.bss) for READ_TEMPERATURE_STK
    main.o(i.start_task) refers to main.o(i.READ_TEMPERATURE) for READ_TEMPERATURE
    main.o(i.start_task) refers to main.o(i.servo_task) for servo_task
    main.o(i.start_task) refers to main.o(i.show_task) for show_task
    main.o(i.start_task) refers to main.o(i.main_task) for main_task
    main.o(i.start_task) refers to main.o(i.LIGH_CTR_task) for LIGH_CTR_task
    main.o(i.start_task) refers to main.o(i.TEMPERATURE_CTR_task) for TEMPERATURE_CTR_task
[...]
    i.OS_FlagInit                            0x0800205c   Section        0  os_flag.o(i.OS_FlagInit)
    i.OS_InitEventList                       0x080020b4   Section        0  os_core.o(i.OS_InitEventList)
    OS_InitEventList                         0x080020b5   Thumb Code    74  os_core.o(i.OS_InitEventList)
    i.OS_InitMisc                            0x08002108   Section        0  os_core.o(i.OS_InitMisc)
    OS_InitMisc                              0x08002109   Thumb Code    44  os_core.o(i.OS_InitMisc)
    i.OS_InitRdyList                         0x0800215c   Section        0  os_core.o(i.OS_InitRdyList)
    OS_InitRdyList                           0x0800215d   Thumb Code    44  os_core.o(i.OS_InitRdyList)
    i.OS_InitTCBList                         0x080021a0   Section        0  os_core.o(i.OS_InitTCBList)
    OS_InitTCBList                           0x080021a1   Thumb Code   106  os_core.o(i.OS_InitTCBList)
    i.OS_InitTaskIdle                        0x08002220   Section        0  os_core.o(i.OS_InitTaskIdle)
    OS_InitTaskIdle                          0x08002221   Thumb Code    50  os_core.o(i.OS_InitTaskIdle)
    i.OS_InitTaskStat                        0x08002270   Section        0  os_core.o(i.OS_InitTaskStat)
    OS_InitTaskStat                          0x08002271   Thumb Code    50  os_core.o(i.OS_InitTaskStat)
    i.OS_MemClr                              0x080022c0   Section        0  os_core.o(i.OS_MemClr)
    i.OS_QInit                               0x080022d4   Section        0  os_q.o(i.OS_QInit)
    i.OS_Sched                               0x08002324   Section        0  os_core.o(i.OS_Sched)
    i.OS_SchedNew                            0x08002398   Section        0  os_core.o(i.OS_SchedNew)
    OS_SchedNew                              0x08002399   Thumb Code    26  os_core.o(i.OS_SchedNew)
    i.OS_TCBInit                             0x080023c4   Section        0  os_core.o(i.OS_TCBInit)
    i.OS_TaskIdle                            0x080024f8   Section        0  os_core.o(i.OS_TaskIdle)
    i.OS_TaskStat                            0x08002520   Section        0  os_core.o(i.OS_TaskStat)
    i.OS_TaskStatStkChk                      0x080025a8   Section        0  os_core.o(i.OS_TaskStatStkChk)
    i.OS_TaskStkClr                          0x080025e4   Section        0  os_task.o(i.OS_TaskStkClr)
    i.OneWire_Read                           0x08002600   Section        0  ds18b20.o(i.OneWire_Read)
    i.OneWire_Reset                          0x08002660   Section        0  ds18b20.o(i.OneWire_Reset)
    i.OneWire_Write                          0x080026a4   Section        0  ds18b20.o(i.OneWire_Write)
    i.RCC_APB1PeriphClockCmd                 0x0800270c   Section        0  stm32f10x_rcc.o(i.RCC_APB1PeriphClockCmd)
    i.RCC_APB1PeriphResetCmd                 0x0800272c   Section        0  stm32f10x_rcc.o(i.RCC_APB1PeriphResetCmd)
    i.RCC_APB2PeriphClockCmd                 0x0800274c   Section        0  stm32f10x_rcc.o(i.RCC_APB2PeriphClockCmd)
    i.RCC_APB2PeriphResetCmd                 0x0800276c   Section        0  stm32f10x_rcc.o(i.RCC_APB2PeriphResetCmd)
    i.RCC_ClearFlag                          0x0800278c   Section        0  stm32f10x_rcc.o(i.RCC_ClearFlag)
    i.RCC_GetClocksFreq                      0x080027a0   Section        0  stm32f10x_rcc.o(i.RCC_GetClocksFreq)
    i.READ_TEMPERATURE                       0x08002874   Section        0  main.o(i.READ_TEMPERATURE)
    i.RTC_Configuration                      0x080028b8   Section        0  rtc_btl.o(i.RTC_Configuration)
    i.RTC_EnterConfigMode                    0x0800295c   Section        0  stm32f10x_rtc.o(i.RTC_EnterConfigMode)
    i.RTC_ExitConfigMode                     0x08002970   Section        0  stm32f10x_rtc.o(i.RTC_ExitConfigMode)
    i.RTC_GetCounter                         0x08002984   Section        0  stm32f10x_rtc.o(i.RTC_GetCounter)
    i.RTC_SetCounter                         0x08002998   Section        0  stm32f10x_rtc.o(i.RTC_SetCounter)
    i.RTC_WaitForLastTask                    0x080029b4   Section        0  stm32f10x_rtc.o(i.RTC_WaitForLastTask)
    i.RTC_WaitForSynchro                     0x080029c8   Section        0  stm32f10x_rtc.o(i.RTC_WaitForSynchro)
    i.RTC_init                               0x080029ec   Section        0  rtc_btl.o(i.RTC_init)
    i.SVC_Handler                            0x08002a44   Section        0  stm32f10x_it.o(i.SVC_Handler)
    i.SetSysClock                            0x08002a46   Section        0  system_stm32f10x_1.o(i.SetSysClock)
    SetSysClock                              0x08002a47   Thumb Code     8  system_stm32f10x_1.o(i.SetSysClock)
    i.SetSysClockTo72                        0x08002a50   Section        0  system_stm32f10x_1.o(i.SetSysClockTo72)
    SetSysClockTo72                          0x08002a51   Thumb Code   214  system_stm32f10x_1.o(i.SetSysClockTo72)
    i.SysTick_CLKSourceConfig                0x08002b30   Section        0  misc.o(i.SysTick_CLKSourceConfig)
    i.SysTick_Handler                        0x08002b58   Section        0  delay.o(i.SysTick_Handler)
    i.SystemInit                             0x08002b74   Section        0  system_stm32f10x_1.o(i.SystemInit)
    i.TEMPERATURE_CTR_task                   0x08002bd4   Section        0  main.o(i.TEMPERATURE_CTR_task)
    i.Time_Current                           0x08002c38   Section        0  rtc_btl.o(i.Time_Current)
    i.USART1_IRQHandler                      0x08002c70   Section        0  usart.o(i.USART1_IRQHandler)
    i.USART1_InitPins                        0x08002c98   Section        0  usart.o(i.USART1_InitPins)
    i.USART2_IRQHandler                      0x08002d20   Section        0  usart.o(i.USART2_IRQHandler)
    i.USART2_InitPins                        0x08002d48   Section        0  usart.o(i.USART2_InitPins)
    i.USART3_IRQHandler                      0x08002dd4   Section        0  usart.o(i.USART3_IRQHandler)
    i.USART3_InitPins                        0x08002dfc   Section        0  usart.o(i.USART3_InitPins)
    i.USART_BufferEmpty                      0x08002ed0   Section        0  usart.o(i.USART_BufferEmpty)
    i.USART_BufferFull                       0x08002ee8   Section        0  usart.o(i.USART_BufferFull)
    i.USART_Cmd                              0x08002f04   Section        0  stm32f10x_usart.o(i.USART_Cmd)
    i.USART_DeInit                           0x08002f1c   Section        0  stm32f10x_usart.o(i.USART_DeInit)
    i.USART_FindCharacter                    0x08002fb8   Section        0  usart.o(i.USART_FindCharacter)
    i.USART_GetFlagStatus                    0x08002ff2   Section        0  stm32f10x_usart.o(i.USART_GetFlagStatus)
    i.USART_GetITStatus                      0x0800300c   Section        0  stm32f10x_usart.o(i.USART_GetITStatus)
    i.USART_Getc                             0x08003060   Section        0  usart.o(i.USART_Getc)
    i.USART_Gets                             0x08003096   Section        0  usart.o(i.USART_Gets)
    i.USART_INT_GetSubPriority               0x080030e8   Section        0  usart.o(i.USART_INT_GetSubPriority)
    i.USART_INT_GetUsart                     0x08003110   Section        0  usart.o(i.USART_INT_GetUsart)
    i.USART_INT_InsertToBuffer               0x08003144   Section        0  usart.o(i.USART_INT_InsertToBuffer)
    i.USART_ITConfig                         0x08003170   Section        0  stm32f10x_usart.o(i.USART_ITConfig)
    i.USART_Init                             0x080031bc   Section        0  stm32f10x_usart.o(i.USART_Init)
    i.USART_Putc                             0x08003294   Section        0  usart.o(i.USART_Putc)
    i.USARTx_Init                            0x080032b0   Section        0  usart.o(i.USARTx_Init)
    i.UsageFault_Handler                     0x08003398   Section        0  stm32f10x_it.o(i.UsageFault_Handler)
    i.__ARM_fpclassify                       0x0800339c   Section        0  fpclassify.o(i.__ARM_fpclassify)
    i._is_digit                              0x080033c4   Section        0  __printf_wp.o(i._is_digit)
    i.delay_init                             0x080033d4   Section        0  delay.o(i.delay_init)
    i.delay_ms                               0x08003430   Section        0  delay.o(i.delay_ms)
    i.delay_osschedlock                      0x08003480   Section        0  delay.o(i.delay_osschedlock)
    i.delay_osschedunlock                    0x08003488   Section        0  delay.o(i.delay_osschedunlock)
    i.delay_ostimedly                        0x08003490   Section        0  delay.o(i.delay_ostimedly)
    i.delay_us                               0x0800349c   Section        0  delay.o(i.delay_us)
    i.ds18b20_read                           0x080034f8   Section        0  ds18b20.o(i.ds18b20_read)
    i.fputc                                  0x08003578   Section        0  usart.o(i.fputc)
    i.get_channel                            0x08003590   Section        0  servo_drive.o(i.get_channel)
    i.get_timer_address                      0x080035f4   Section        0  servo_drive.o(i.get_timer_address)
    i.get_timer_pin                          0x0800363c   Section        0  servo_drive.o(i.get_timer_pin)
    i.init_GP                                0x0800367c   Section        0  gp_drive.o(i.init_GP)
    i.lcd_Control_Write                      0x08003730   Section        0  i2c_lcd.o(i.lcd_Control_Write)
    i.lcd_Data_Write                         0x08003772   Section        0  i2c_lcd.o(i.lcd_Data_Write)
    i.lcd_Write_byte                         0x080037b8   Section        0  i2c_lcd.o(i.lcd_Write_byte)
    i.lcd_init                               0x08003818   Section        0  i2c_lcd.o(i.lcd_init)
    i.lcd_send_string                        0x08003870   Section        0  i2c_lcd.o(i.lcd_send_string)
    i.main                                   0x08003888   Section        0  main.o(i.main)
    i.main_task                              0x08003938   Section        0  main.o(i.main_task)
    i.servo_180_deg                          0x08003ba0   Section        0  servo_drive.o(i.servo_180_deg)
    i.servo_task                             0x08003bd4   Section        0  main.o(i.servo_task)
    i.show_task                              0x08003c34   Section        0  main.o(i.show_task)
    i.start_task                             0x08003c5c   Section        0  main.o(i.start_task)
    i.timer_pwm_micro                        0x08003d00   Section        0  servo_drive.o(i.timer_pwm_micro)
    locale$$code                             0x08003e00   Section       44  lc_numeric_c.o(locale$$code)
    x$fpl$d2f                                0x08003e2c   Section       98  d2f.o(x$fpl$d2f)
    x$fpl$ddiv                               0x08003e90   Section      688  ddiv.o(x$fpl$ddiv)
    ddiv_entry                               0x08003e97   Thumb Code     0  ddiv.o(x$fpl$ddiv)
    x$fpl$dfltu                              0x08004140   Section       38  dflt_clz.o(x$fpl$dfltu)
    x$fpl$dnaninf                            0x08004166   Section      156  dnaninf.o(x$fpl$dnaninf)
    x$fpl$dretinf                            0x08004202   Section       12  dretinf.o(x$fpl$dretinf)
    x$fpl$f2d                                0x08004210   Section       86  f2d.o(x$fpl$f2d)
    x$fpl$fcmpinf                            0x08004266   Section       24  fcmpi.o(x$fpl$fcmpinf)
    x$fpl$fleqf                              0x08004280   Section      104  fleqf.o(x$fpl$fleqf)
    x$fpl$fnaninf                            0x080042e8   Section      140  fnaninf.o(x$fpl$fnaninf)
    x$fpl$fretinf                            0x08004374   Section       10  fretinf.o(x$fpl$fretinf)
    x$fpl$frleqf                             0x0800437e   Section       98  frleqf.o(x$fpl$frleqf)
    x$fpl$printf1                            0x080043e0   Section        4  printf1.o(x$fpl$printf1)
    .constdata                               0x080043e4   Section      256  os_core.o(.constdata)
    x$fpl$usenofp                            0x080043e4   Section        0  usenofp.o(x$fpl$usenofp)
    .constdata                               0x080044e4   Section      148  bigflt0.o(.constdata)
    tenpwrs_x                                0x080044e4   Data          60  bigflt0.o(.constdata)
    tenpwrs_i                                0x08004520   Data          64  bigflt0.o(.constdata)
    locale$$data                             0x08004598   Section       28  lc_numeric_c.o(locale$$data)
    __lcnum_c_name                           0x0800459c   Data           2  lc_numeric_c.o(locale$$data)
    __lcnum_c_start                          0x080045a4   Data           0  lc_numeric_c.o(locale$$data)
    __lcnum_c_point                          0x080045b0   Data           0  lc_numeric_c.o(locale$$data)
    __lcnum_c_thousands                      0x080045b2   Data           0  lc_numeric_c.o(locale$$data)
    __lcnum_c_grouping                       0x080045b3   Data           0  lc_numeric_c.o(locale$$data)
    __lcnum_c_end                            0x080045b4   Data           0  lc_numeric_c.o(locale$$data)
    .data                                    0x20000000   Section       52  main.o(.data)
    .data                                    0x20000034   Section       20  system_stm32f10x_1.o(.data)
    .data                                    0x20000048   Section       20  rtc_btl.o(.data)
    .data                                    0x2000005c   Section        4  delay.o(.data)
    fac_us                                   0x2000005c   Data           1  delay.o(.data)
    fac_ms                                   0x2000005e   Data           2  delay.o(.data)
    .data                                    0x20000060   Section       44  usart.o(.data)
    .data                                    0x2000008c   Section       20  stm32f10x_rcc.o(.data)
    APBAHBPrescTable                         0x2000008c   Data          16  stm32f10x_rcc.o(.data)
    ADCPrescTable                            0x2000009c   Data           4  stm32f10x_rcc.o(.data)
    .data                                    0x200000a0   Section       72  os_core.o(.data)
    .bss                                     0x200000e8   Section     2100  main.o(.bss)
    .bss                                     0x2000091c   Section       96  usart.o(.bss)
    .bss                                     0x2000097c   Section     2688  os_core.o(.bss)
    .bss                                     0x200013fc   Section       96  libspace.o(.bss)
    HEAP                                     0x20001460   Section      512  startup_stm32f10x_md.o(HEAP)
    Heap_Mem                                 0x20001460   Data         512  startup_stm32f10x_md.o(HEAP)
    STACK                                    0x20001660   Section     1024  startup_stm32f10x_md.o(STACK)
    Stack_Mem                                0x20001660   Data        1024  startup_stm32f10x_md.o(STACK)
    __initial_sp                             0x20001a60   Data           0  startup_stm32f10x_md.o(STACK)

    Global Symbols

    Symbol Name                              Value     Ov Type        Size  Object(Section)

    BuildAttributes$$THM_ISAv4$P$D$K$B$S$PE$A:L22UL41UL21$X:L11$S22US41US21$IEEE1$IW$USESV6$~STKCKD$USESV7$~SHL$OTIME$ROPI$IEEEJ$EBA8$UX$STANDARDLIB$REQ8$PRES8$EABIv2 0x00000000   Number         0  anon$$obj.o ABSOLUTE
    __ARM_use_no_argv                        0x00000000   Number         0  main.o ABSOLUTE
    _printf_flags                            0x00000000   Number         0  printf_stubs.o ABSOLUTE
    _printf_return_value                     0x00000000   Number         0  printf_stubs.o ABSOLUTE
    _printf_sizespec                         0x00000000   Number         0  printf_stubs.o ABSOLUTE
    _printf_widthprec                        0x00000000   Number         0  printf_stubs.o ABSOLUTE
    __ARM_exceptions_init                     - Undefined Weak Reference
    __alloca_initialize                       - Undefined Weak Reference
    __arm_preinit_                            - Undefined Weak Reference
    __cpp_initialize__aeabi_                  - Undefined Weak Reference
    __cxa_finalize                            - Undefined Weak Reference
    __sigvec_lookup                           - Undefined Weak Reference
    _atexit_init                              - Undefined Weak Reference
    _call_atexit_fns                          - Undefined Weak Reference
    _clock_init                               - Undefined Weak Reference
    _fp_trap_init                             - Undefined Weak Reference
    _fp_trap_shutdown                         - Undefined Weak Reference
    _get_lc_collate                           - Undefined Weak Reference
    _get_lc_ctype                             - Undefined Weak Reference
    _get_lc_monetary                          - Undefined Weak Reference
    _get_lc_time                              - Undefined Weak Reference
    _getenv_init                              - Undefined Weak Reference
    _handle_redirection                       - Undefined Weak Reference
    _init_alloc                               - Undefined Weak Reference
    _init_user_alloc                          - Undefined Weak Reference
    _initio                                   - Undefined Weak Reference
    _mutex_acquire                            - Undefined Weak Reference
    _mutex_release                            - Undefined Weak Reference
    _printf_truncate_signed                   - Undefined Weak Reference
    _printf_truncate_unsigned                 - Undefined Weak Reference
    _rand_init                                - Undefined Weak Reference
    _signal_finish                            - Undefined Weak Reference
    _signal_init                              - Undefined Weak Reference
    _terminate_alloc                          - Undefined Weak Reference
    _terminate_user_alloc                     - Undefined Weak Reference
    _terminateio                              - Undefined Weak Reference
    __Vectors_Size                           0x000000ec   Number         0  startup_stm32f10x_md.o ABSOLUTE
    __Vectors                                0x08000000   Data           4  startup_stm32f10x_md.o(RESET)
    __Vectors_End                            0x080000ec   Data           0  startup_stm32f10x_md.o(RESET)
    __main                                   0x080000ed   Thumb Code     8  __main.o(!!!main)
    __scatterload                            0x080000f5   Thumb Code     0  __scatter.o(!!!scatter)
    __scatterload_rt2                        0x080000f5   Thumb Code    44  __scatter.o(!!!scatter)
    __scatterload_rt2_thumb_only             0x080000f5   Thumb Code     0  __scatter.o(!!!scatter)
    __scatterload_null                       0x08000103   Thumb Code     0  __scatter.o(!!!scatter)
    __scatterload_copy                       0x08000129   Thumb Code    26  __scatter_copy.o(!!handler_copy)
    __scatterload_zeroinit                   0x08000145   Thumb Code    28  __scatter_zi.o(!!handler_zi)
    _printf_f                                0x08000161   Thumb Code     0  _printf_f.o(.ARM.Collect$$_printf_percent$$00000003)
    _printf_percent                          0x08000161   Thumb Code     0  _printf_percent.o(.ARM.Collect$$_printf_percent$$00000000)
    _printf_d                                0x08000167   Thumb Code     0  _printf_d.o(.ARM.Collect$$_printf_percent$$00000009)
    _printf_percent_end                      0x0800016d   Thumb Code     0  _printf_percent_end.o(.ARM.Collect$$_printf_percent$$00000017)
    __rt_lib_init                            0x08000171   Thumb Code     0  libinit.o(.ARM.Collect$$libinit$$00000000)
    __rt_lib_init_fp_1                       0x08000173   Thumb Code     0  libinit2.o(.ARM.Collect$$libinit$$00000002)
    __rt_lib_init_heap_1                     0x08000173   Thumb Code     0  libinit2.o(.ARM.Collect$$libinit$$0000000A)
    __rt_lib_init_lc_common                  0x08000173   Thumb Code     0  libinit2.o(.ARM.Collect$$libinit$$0000000F)
    __rt_lib_init_preinit_1                  0x08000173   Thumb Code     0  libinit2.o(.ARM.Collect$$libinit$$00000004)
    __rt_lib_init_rand_1                     0x08000173   Thumb Code     0  libinit2.o(.ARM.Collect$$libinit$$0000000E)
    __rt_lib_init_user_alloc_1               0x08000173   Thumb Code     0  libinit2.o(.ARM.Collect$$libinit$$0000000C)
    __rt_lib_init_lc_collate_1               0x08000179   Thumb Code     0  libinit2.o(.ARM.Collect$$libinit$$00000011)
    __rt_lib_init_lc_ctype_1                 0x08000179   Thumb Code     0  libinit2.o(.ARM.Collect$$libinit$$00000013)
    __rt_lib_init_lc_monetary_1              0x08000179   Thumb Code     0  libinit2.o(.ARM.Collect$$libinit$$00000015)
    __rt_lib_init_lc_numeric_2               0x08000179   Thumb Code     0  libinit2.o(.ARM.Collect$$libinit$$00000016)
    __rt_lib_init_alloca_1                   0x08000183   Thumb Code     0  libinit2.o(.ARM.Collect$$libinit$$0000002E)
    __rt_lib_init_argv_1                     0x08000183   Thumb Code     0  libinit2.o(.ARM.Collect$$libinit$$0000002C)
    __rt_lib_init_atexit_1                   0x08000183   Thumb Code     0  libinit2.o(.ARM.Collect$$libinit$$0000001B)
    __rt_lib_init_clock_1                    0x08000183   Thumb Code     0  libinit2.o(.ARM.Collect$$libinit$$00000021)
    __rt_lib_init_cpp_1                      0x08000183   Thumb Code     0  libinit2.o(.ARM.Collect$$libinit$$00000032)
    __rt_lib_init_exceptions_1               0x08000183   Thumb Code     0  libinit2.o(.ARM.Collect$$libinit$$00000030)
    __rt_lib_init_fp_trap_1                  0x08000183   Thumb Code     0  libinit2.o(.ARM.Collect$$libinit$$0000001F)
    __rt_lib_init_getenv_1                   0x08000183   Thumb Code     0  libinit2.o(.ARM.Collect$$libinit$$00000023)
    __rt_lib_init_lc_numeric_1               0x08000183   Thumb Code     0  libinit2.o(.ARM.Collect$$libinit$$00000017)
    __rt_lib_init_lc_time_1                  0x08000183   Thumb Code     0  libinit2.o(.ARM.Collect$$libinit$$00000019)
    __rt_lib_init_return                     0x08000183   Thumb Code     0  libinit2.o(.ARM.Collect$$libinit$$00000033)
    __rt_lib_init_signal_1                   0x08000183   Thumb Code     0  libinit2.o(.ARM.Collect$$libinit$$0000001D)
    __rt_lib_init_stdio_1                    0x08000183   Thumb Code     0  libinit2.o(.ARM.Collect$$libinit$$00000025)
    __rt_lib_shutdown                        0x08000185   Thumb Code     0  libshutdown.o(.ARM.Collect$$libshutdown$$00000000)
    __rt_lib_shutdown_cpp_1                  0x08000187   Thumb Code     0  libshutdown2.o(.ARM.Collect$$libshutdown$$00000002)
    __rt_lib_shutdown_fp_trap_1              0x08000187   Thumb Code     0  libshutdown2.o(.ARM.Collect$$libshutdown$$00000007)
    __rt_lib_shutdown_heap_1                 0x08000187   Thumb Code     0  libshutdown2.o(.ARM.Collect$$libshutdown$$0000000F)
    __rt_lib_shutdown_return                 0x08000187   Thumb Code     0  libshutdown2.o(.ARM.Collect$$libshutdown$$00000010)
    __rt_lib_shutdown_signal_1               0x08000187   Thumb Code     0  libshutdown2.o(.ARM.Collect$$libshutdown$$0000000A)
    __rt_lib_shutdown_stdio_1                0x08000187   Thumb Code     0  libshutdown2.o(.ARM.Collect$$libshutdown$$00000004)
    __rt_lib_shutdown_user_alloc_1           0x08000187   Thumb Code     0  libshutdown2.o(.ARM.Collect$$libshutdown$$0000000C)
    __rt_entry                               0x08000189   Thumb Code     0  __rtentry.o(.ARM.Collect$$rtentry$$00000000)
    __rt_entry_presh_1                       0x08000189   Thumb Code     0  __rtentry2.o(.ARM.Collect$$rtentry$$00000002)
    __rt_entry_sh                            0x08000189   Thumb Code     0  __rtentry4.o(.ARM.Collect$$rtentry$$00000004)
    __rt_entry_li                            0x0800018f   Thumb Code     0  __rtentry2.o(.ARM.Collect$$rtentry$$0000000A)
    __rt_entry_postsh_1                      0x0800018f   Thumb Code     0  __rtentry2.o(.ARM.Collect$$rtentry$$00000009)
    __rt_entry_main                          0x08000193   Thumb Code     0  __rtentry2.o(.ARM.Collect$$rtentry$$0000000D)
    __rt_entry_postli_1                      0x08000193   Thumb Code     0  __rtentry2.o(.ARM.Collect$$rtentry$$0000000C)
    __rt_exit                                0x0800019b   Thumb Code     0  rtexit.o(.ARM.Collect$$rtexit$$00000000)
    __rt_exit_ls                             0x0800019d   Thumb Code     0  rtexit2.o(.ARM.Collect$$rtexit$$00000003)
    __rt_exit_prels_1                        0x0800019d   Thumb Code     0  rtexit2.o(.ARM.Collect$$rtexit$$00000002)
    __rt_exit_exit                           0x080001a1   Thumb Code     0  rtexit2.o(.ARM.Collect$$rtexit$$00000004)
    Reset_Handler                            0x080001a9   Thumb Code     8  startup_stm32f10x_md.o(.text)
    ADC1_2_IRQHandler                        0x080001c3   Thumb Code     0  startup_stm32f10x_md.o(.text)
    CAN1_RX1_IRQHandler                      0x080001c3   Thumb Code     0  startup_stm32f10x_md.o(.text)
    CAN1_SCE_IRQHandler                      0x080001c3   Thumb Code     0  startup_stm32f10x_md.o(.text)
    DMA1_Channel1_IRQHandler                 0x080001c3   Thumb Code     0  startup_stm32f10x_md.o(.text)
    DMA1_Channel2_IRQHandler                 0x080001c3   Thumb Code     0  startup_stm32f10x_md.o(.text)
    DMA1_Channel3_IRQHandler                 0x080001c3   Thumb Code     0  startup_stm32f10x_md.o(.text)
    DMA1_Channel4_IRQHandler                 0x080001c3   Thumb Code     0  startup_stm32f10x_md.o(.text)
    DMA1_Channel5_IRQHandler                 0x080001c3   Thumb Code     0  startup_stm32f10x_md.o(.text)
    DMA1_Channel6_IRQHandler                 0x080001c3   Thumb Code     0  startup_stm32f10x_md.o(.text)
    DMA1_Channel7_IRQHandler                 0x080001c3   Thumb Code     0  startup_stm32f10x_md.o(.text)
    EXTI0_IRQHandler                         0x080001c3   Thumb Code     0  startup_stm32f10x_md.o(.text)
    EXTI15_10_IRQHandler                     0x080001c3   Thumb Code     0  startup_stm32f10x_md.o(.text)
    EXTI1_IRQHandler                         0x080001c3   Thumb Code     0  startup_stm32f10x_md.o(.text)
    EXTI2_IRQHandler                         0x080001c3   Thumb Code     0  startup_stm32f10x_md.o(.text)
    EXTI3_IRQHandler                         0x080001c3   Thumb Code     0  startup_stm32f10x_md.o(.text)
    EXTI4_IRQHandler                         0x080001c3   Thumb Code     0  startup_stm32f10x_md.o(.text)
    EXTI9_5_IRQHandler                       0x080001c3   Thumb Code     0  startup_stm32f10x_md.o(.text)
    FLASH_IRQHandler                         0x080001c3   Thumb Code     0  startup_stm32f10x_md.o(.text)
    I2C1_ER_IRQHandler                       0x080001c3   Thumb Code     0  startup_stm32f10x_md.o(.text)
    I2C1_EV_IRQHandler                       0x080001c3   Thumb Code     0  startup_stm32f10x_md.o(.text)
    I2C2_ER_IRQHandler                       0x080001c3   Thumb Code     0  startup_stm32f10x_md.o(.text)
    I2C2_EV_IRQHandler                       0x080001c3   Thumb Code     0  startup_stm32f10x_md.o(.text)
    PVD_IRQHandler                           0x080001c3   Thumb Code     0  startup_stm32f10x_md.o(.text)
    RCC_IRQHandler                           0x080001c3   Thumb Code     0  startup_stm32f10x_md.o(.text)
    RTCAlarm_IRQHandler                      0x080001c3   Thumb Code     0  startup_stm32f10x_md.o(.text)
    RTC_IRQHandler                           0x080001c3   Thumb Code     0  startup_stm32f10x_md.o(.text)
    SPI1_IRQHandler                          0x080001c3   Thumb Code     0  startup_stm32f10x_md.o(.text)
    SPI2_IRQHandler                          0x080001c3   Thumb Code     0  startup_stm32f10x_md.o(.text)
    TAMPER_IRQHandler                        0x080001c3   Thumb Code     0  startup_stm32f10x_md.o(.text)
    TIM1_BRK_IRQHandler                      0x080001c3   Thumb Code     0  startup_stm32f10x_md.o(.text)
    TIM1_CC_IRQHandler                       0x080001c3   Thumb Code     0  startup_stm32f10x_md.o(.text)
    TIM1_TRG_COM_IRQHandler                  0x080001c3   Thumb Code     0  startup_stm32f10x_md.o(.text)
    TIM1_UP_IRQHandler                       0x080001c3   Thumb Code     0  startup_stm32f10x_md.o(.text)
    TIM2_IRQHandler                          0x080001c3   Thumb Code     0  startup_stm32f10x_md.o(.text)
    TIM3_IRQHandler                          0x080001c3   Thumb Code     0  startup_stm32f10x_md.o(.text)
    TIM4_IRQHandler                          0x080001c3   Thumb Code     0  startup_stm32f10x_md.o(.text)
    USBWakeUp_IRQHandler                     0x080001c3   Thumb Code     0  startup_stm32f10x_md.o(.text)
    USB_HP_CAN1_TX_IRQHandler                0x080001c3   Thumb Code     0  startup_stm32f10x_md.o(.text)
    USB_LP_CAN1_RX0_IRQHandler               0x080001c3   Thumb Code     0  startup_stm32f10x_md.o(.text)
    WWDG_IRQHandler                          0x080001c3   Thumb Code     0  startup_stm32f10x_md.o(.text)
    __user_initial_stackheap                 0x080001c5   Thumb Code     0  startup_stm32f10x_md.o(.text)
    OS_CPU_SR_Save                           0x080001e9   Thumb Code     0  os_cpu_a.o(.text)
    OS_CPU_SR_Restore                        0x080001f1   Thumb Code     0  os_cpu_a.o(.text)
    OSStartHighRdy                           0x080001f7   Thumb Code     0  os_cpu_a.o(.text)
    OSCtxSw                                  0x08000219   Thumb Code     0  os_cpu_a.o(.text)
    OSIntCtxSw                               0x08000227   Thumb Code     0  os_cpu_a.o(.text)
    PendSV_Handler                           0x08000237   Thumb Code     0  os_cpu_a.o(.text)
    __2printf                                0x0800029d   Thumb Code    20  noretval__2printf.o(.text)
    __2sprintf                               0x080002b5   Thumb Code    34  noretval__2sprintf.o(.text)
    _printf_pre_padding                      0x080002dd   Thumb Code    44  _printf_pad.o(.text)
    _printf_post_padding                     0x08000309   Thumb Code    34  _printf_pad.o(.text)
    _printf_int_dec                          0x0800032d   Thumb Code   104  _printf_dec.o(.text)
    __printf                                 0x080003a5   Thumb Code   270  __printf_wp.o(.text)
    __use_two_region_memory                  0x080004b3   Thumb Code     2  heapauxi.o(.text)
    __rt_heap_escrow$2region                 0x080004b5   Thumb Code     2  heapauxi.o(.text)
    __rt_heap_expand$2region                 0x080004b7   Thumb Code     2  heapauxi.o(.text)
    _printf_int_common                       0x080004b9   Thumb Code   178  _printf_intcommon.o(.text)
    __lib_sel_fp_printf                      0x0800056b   Thumb Code     2  _printf_fp_dec.o(.text)
    _printf_fp_dec_real                      0x0800071d   Thumb Code   620  _printf_fp_dec.o(.text)
    _printf_char_common                      0x08000993   Thumb Code    32  _printf_char_common.o(.text)
    _sputc                                   0x080009b9   Thumb Code    10  _sputc.o(.text)
    _printf_char_file                        0x080009c5   Thumb Code    32  _printf_char_file.o(.text)
    __rt_locale                              0x080009e9   Thumb Code     8  rt_locale_intlibspace.o(.text)
    _ll_udiv10                               0x080009f1   Thumb Code   138  lludiv10.o(.text)
    _printf_fp_infnan                        0x08000a7d   Thumb Code   112  _printf_fp_infnan.o(.text)
    _btod_etento                             0x08000afd   Thumb Code   224  bigflt0.o(.text)
    ferror                                   0x08000be1   Thumb Code     8  ferror.o(.text)
    __user_libspace                          0x08000be9   Thumb Code     8  libspace.o(.text)
    __user_perproc_libspace                  0x08000be9   Thumb Code     0  libspace.o(.text)
    __user_perthread_libspace                0x08000be9   Thumb Code     0  libspace.o(.text)
    __user_setup_stackheap                   0x08000bf1   Thumb Code    74  sys_stackheap_outer.o(.text)
    exit                                     0x08000c3b   Thumb Code    18  exit.o(.text)
    strcmp                                   0x08000c4d   Thumb Code   128  strcmpv7m.o(.text)
    _sys_exit                                0x08000ccd   Thumb Code     8  sys_exit.o(.text)
    __I$use$semihosting                      0x08000cd9   Thumb Code     0  use_no_semi.o(.text)
    __use_no_semihosting_swi                 0x08000cd9   Thumb Code     2  use_no_semi.o(.text)
    __semihosting_library_function           0x08000cdb   Thumb Code     0  indicate_semi.o(.text)
    _btod_d2e                                0x08000cdb   Thumb Code    62  btod.o(CL$$btod_d2e)
    _d2e_denorm_low                          0x08000d19   Thumb Code    70  btod.o(CL$$btod_d2e_denorm_low)
    _d2e_norm_op1                            0x08000d5f   Thumb Code    96  btod.o(CL$$btod_d2e_norm_op1)
    __btod_div_common                        0x08000dbf   Thumb Code   696  btod.o(CL$$btod_div_common)
    _e2e                                     0x080010f7   Thumb Code   220  btod.o(CL$$btod_e2e)
    _btod_ediv                               0x080011d3   Thumb Code    42  btod.o(CL$$btod_ediv)
    _btod_emul                               0x080011fd   Thumb Code    42  btod.o(CL$$btod_emul)
    __btod_mult_common                       0x08001227   Thumb Code   580  btod.o(CL$$btod_mult_common)
    BKP_ReadBackupRegister                   0x0800146d   Thumb Code    24  stm32f10x_bkp.o(i.BKP_ReadBackupRegister)
    BKP_WriteBackupRegister                  0x08001489   Thumb Code    22  stm32f10x_bkp.o(i.BKP_WriteBackupRegister)
    BusFault_Handler                         0x080014a5   Thumb Code     4  stm32f10x_it.o(i.BusFault_Handler)
    DebugMon_Handler                         0x080014a9   Thumb Code     2  stm32f10x_it.o(i.DebugMon_Handler)
    Delete_LCD                               0x080014ab   Thumb Code    16  i2c_lcd.o(i.Delete_LCD)
    GPIO_Init                                0x080014bb   Thumb Code   278  stm32f10x_gpio_1.o(i.GPIO_Init)
    GPIO_ReadInputDataBit                    0x080015d1   Thumb Code    18  stm32f10x_gpio_1.o(i.GPIO_ReadInputDataBit)
    GPIO_ResetBits                           0x080015e3   Thumb Code     4  stm32f10x_gpio_1.o(i.GPIO_ResetBits)
    GPIO_SetBits                             0x080015e7   Thumb Code     4  stm32f10x_gpio_1.o(i.GPIO_SetBits)
    GPIO_SetState                            0x080015eb   Thumb Code    32  gpio.o(i.GPIO_SetState)
    HardFault_Handler                        0x0800160b   Thumb Code     4  stm32f10x_it.o(i.HardFault_Handler)
    I2C_CheckEvent                           0x0800160f   Thumb Code    42  stm32f10x_i2c.o(i.I2C_CheckEvent)
    I2C_Cmd                                  0x08001639   Thumb Code    24  stm32f10x_i2c.o(i.I2C_Cmd)
    I2C_GenerateSTART                        0x08001651   Thumb Code    24  stm32f10x_i2c.o(i.I2C_GenerateSTART)
    I2C_GenerateSTOP                         0x08001669   Thumb Code    24  stm32f10x_i2c.o(i.I2C_GenerateSTOP)
    I2C_Init                                 0x08001681   Thumb Code   222  stm32f10x_i2c.o(i.I2C_Init)
    I2C_LCD_Configuration                    0x0800176d   Thumb Code   102  i2c_lcd.o(i.I2C_LCD_Configuration)
    I2C_Send7bitAddress                      0x080017e1   Thumb Code    18  stm32f10x_i2c.o(i.I2C_Send7bitAddress)
    I2C_SendData                             0x080017f3   Thumb Code     4  stm32f10x_i2c.o(i.I2C_SendData)
    LED_Init                                 0x080017f9   Thumb Code    74  led.o(i.LED_Init)
    LIGH_CTR_task                            0x0800184d   Thumb Code    54  main.o(i.LIGH_CTR_task)
    MemManage_Handler                        0x0800188d   Thumb Code     4  stm32f10x_it.o(i.MemManage_Handler)
    NMI_Handler                              0x08001891   Thumb Code     2  stm32f10x_it.o(i.NMI_Handler)
    NVIC_Init                                0x08001895   Thumb Code   100  misc.o(i.NVIC_Init)
    NVIC_PriorityGroupConfig                 0x08001905   Thumb Code    10  misc.o(i.NVIC_PriorityGroupConfig)
    OSInit                                   0x08001919   Thumb Code    44  os_core.o(i.OSInit)
    OSInitHookBegin                          0x08001945   Thumb Code     2  os_cpu_c.o(i.OSInitHookBegin)
    OSInitHookEnd                            0x08001947   Thumb Code     2  os_cpu_c.o(i.OSInitHookEnd)
    OSIntEnter                               0x08001949   Thumb Code    28  os_core.o(i.OSIntEnter)
    OSIntExit                                0x0800196d   Thumb Code   112  os_core.o(i.OSIntExit)
    OSMboxCreate                             0x080019fd   Thumb Code    68  os_mbox.o(i.OSMboxCreate)
    OSSchedLock                              0x08001a49   Thumb Code    50  os_core.o(i.OSSchedLock)
    OSSchedUnlock                            0x08001a89   Thumb Code    82  os_core.o(i.OSSchedUnlock)
    OSStart                                  0x08001ae9   Thumb Code    48  os_core.o(i.OSStart)
    OSTCBInitHook                            0x08001b31   Thumb Code     2  os_cpu_c.o(i.OSTCBInitHook)
    OSTaskCreate                             0x08001b35   Thumb Code   148  os_task.o(i.OSTaskCreate)
    OSTaskCreateExt                          0x08001bd5   Thumb Code   170  os_task.o(i.OSTaskCreateExt)
    OSTaskCreateHook                         0x08001c8d   Thumb Code     2  os_cpu_c.o(i.OSTaskCreateHook)
    OSTaskIdleHook                           0x08001c8f   Thumb Code     2  os_cpu_c.o(i.OSTaskIdleHook)
    OSTaskNameSet                            0x08001c91   Thumb Code    98  os_task.o(i.OSTaskNameSet)
    OSTaskStatHook                           0x08001d01   Thumb Code     2  os_cpu_c.o(i.OSTaskStatHook)
    OSTaskStkChk                             0x08001d05   Thumb Code   132  os_task.o(i.OSTaskStkChk)
    OSTaskStkInit                            0x08001d91   Thumb Code   154  os_cpu_c.o(i.OSTaskStkInit)
    OSTaskSuspend                            0x08001e2d   Thumb Code   152  os_task.o(i.OSTaskSuspend)
    OSTaskSwHook                             0x08001ed5   Thumb Code     2  os_cpu_c.o(i.OSTaskSwHook)
    OSTimeDly                                0x08001ed9   Thumb Code   100  os_time.o(i.OSTimeDly)
    OSTimeTick                               0x08001f51   Thumb Code   210  os_core.o(i.OSTimeTick)
    OSTimeTickHook                           0x0800203d   Thumb Code     2  os_cpu_c.o(i.OSTimeTickHook)
    OS_EventWaitListInit                     0x0800203f   Thumb Code    28  os_core.o(i.OS_EventWaitListInit)
    OS_FlagInit                              0x0800205d   Thumb Code    74  os_flag.o(i.OS_FlagInit)
    OS_MemClr                                0x080022c1   Thumb Code    18  os_core.o(i.OS_MemClr)
    OS_QInit                                 0x080022d5   Thumb Code    72  os_q.o(i.OS_QInit)
    OS_Sched                                 0x08002325   Thumb Code    88  os_core.o(i.OS_Sched)
    OS_TCBInit                               0x080023c5   Thumb Code   278  os_core.o(i.OS_TCBInit)
    OS_TaskIdle                              0x080024f9   Thumb Code    34  os_core.o(i.OS_TaskIdle)
    OS_TaskStat                              0x08002521   Thumb Code   116  os_core.o(i.OS_TaskStat)
    OS_TaskStatStkChk                        0x080025a9   Thumb Code    54  os_core.o(i.OS_TaskStatStkChk)
    OS_TaskStkClr                            0x080025e5   Thumb Code    26  os_task.o(i.OS_TaskStkClr)
    OneWire_Read                             0x08002601   Thumb Code    90  ds18b20.o(i.OneWire_Read)
    OneWire_Reset                            0x08002661   Thumb Code    62  ds18b20.o(i.OneWire_Reset)
    OneWire_Write                            0x080026a5   Thumb Code    98  ds18b20.o(i.OneWire_Write)
    RCC_APB1PeriphClockCmd                   0x0800270d   Thumb Code    26  stm32f10x_rcc.o(i.RCC_APB1PeriphClockCmd)
    RCC_APB1PeriphResetCmd                   0x0800272d   Thumb Code    26  stm32f10x_rcc.o(i.RCC_APB1PeriphResetCmd)
    RCC_APB2PeriphClockCmd                   0x0800274d   Thumb Code    26  stm32f10x_rcc.o(i.RCC_APB2PeriphClockCmd)
    RCC_APB2PeriphResetCmd                   0x0800276d   Thumb Code    26  stm32f10x_rcc.o(i.RCC_APB2PeriphResetCmd)
    RCC_ClearFlag                            0x0800278d   Thumb Code    14  stm32f10x_rcc.o(i.RCC_ClearFlag)
    RCC_GetClocksFreq                        0x080027a1   Thumb Code   192  stm32f10x_rcc.o(i.RCC_GetClocksFreq)
    READ_TEMPERATURE                         0x08002875   Thumb Code    42  main.o(i.READ_TEMPERATURE)
    RTC_Configuration                        0x080028b9   Thumb Code   150  rtc_btl.o(i.RTC_Configuration)
    RTC_EnterConfigMode                      0x0800295d   Thumb Code    14  stm32f10x_rtc.o(i.RTC_EnterConfigMode)
    RTC_ExitConfigMode                       0x08002971   Thumb Code    16  stm32f10x_rtc.o(i.RTC_ExitConfigMode)
    RTC_GetCounter                           0x08002985   Thumb Code    16  stm32f10x_rtc.o(i.RTC_GetCounter)
    RTC_SetCounter                           0x08002999   Thumb Code    24  stm32f10x_rtc.o(i.RTC_SetCounter)
    RTC_WaitForLastTask                      0x080029b5   Thumb Code    16  stm32f10x_rtc.o(i.RTC_WaitForLastTask)
    RTC_WaitForSynchro                       0x080029c9   Thumb Code    30  stm32f10x_rtc.o(i.RTC_WaitForSynchro)
    RTC_init                                 0x080029ed   Thumb Code    76  rtc_btl.o(i.RTC_init)
    SVC_Handler                              0x08002a45   Thumb Code     2  stm32f10x_it.o(i.SVC_Handler)
    SysTick_CLKSourceConfig                  0x08002b31   Thumb Code    40  misc.o(i.SysTick_CLKSourceConfig)
    SysTick_Handler                          0x08002b59   Thumb Code    24  delay.o(i.SysTick_Handler)
    SystemInit                               0x08002b75   Thumb Code    78  system_stm32f10x_1.o(i.SystemInit)
    TEMPERATURE_CTR_task                     0x08002bd5   Thumb Code    84  main.o(i.TEMPERATURE_CTR_task)
    Time_Current                             0x08002c39   Thumb Code    44  rtc_btl.o(i.Time_Current)
    USART1_IRQHandler                        0x08002c71   Thumb Code    30  usart.o(i.USART1_IRQHandler)
    USART1_InitPins                          0x08002c99   Thumb Code   122  usart.o(i.USART1_InitPins)
    USART2_IRQHandler                        0x08002d21   Thumb Code    30  usart.o(i.USART2_IRQHandler)
    USART2_InitPins                          0x08002d49   Thumb Code   128  usart.o(i.USART2_InitPins)
    USART3_IRQHandler                        0x08002dd5   Thumb Code    30  usart.o(i.USART3_IRQHandler)
    USART3_InitPins                          0x08002dfd   Thumb Code   194  usart.o(i.USART3_InitPins)
    USART_BufferEmpty                        0x08002ed1   Thumb Code    24  usart.o(i.USART_BufferEmpty)
    USART_BufferFull                         0x08002ee9   Thumb Code    28  usart.o(i.USART_BufferFull)
    USART_Cmd                                0x08002f05   Thumb Code    24  stm32f10x_usart.o(i.USART_Cmd)
    USART_DeInit                             0x08002f1d   Thumb Code   134  stm32f10x_usart.o(i.USART_DeInit)
    USART_FindCharacter                      0x08002fb9   Thumb Code    58  usart.o(i.USART_FindCharacter)
    USART_GetFlagStatus                      0x08002ff3   Thumb Code    26  stm32f10x_usart.o(i.USART_GetFlagStatus)
    USART_GetITStatus                        0x0800300d   Thumb Code    84  stm32f10x_usart.o(i.USART_GetITStatus)
    USART_Getc                               0x08003061   Thumb Code    54  usart.o(i.USART_Getc)
    USART_Gets                               0x08003097   Thumb Code    82  usart.o(i.USART_Gets)
    USART_INT_GetSubPriority                 0x080030e9   Thumb Code    28  usart.o(i.USART_INT_GetSubPriority)
    USART_INT_GetUsart                       0x08003111   Thumb Code    28  usart.o(i.USART_INT_GetUsart)
    USART_INT_InsertToBuffer                 0x08003145   Thumb Code    44  usart.o(i.USART_INT_InsertToBuffer)
    USART_ITConfig                           0x08003171   Thumb Code    74  stm32f10x_usart.o(i.USART_ITConfig)
    USART_Init                               0x080031bd   Thumb Code   210  stm32f10x_usart.o(i.USART_Init)
    USART_Putc                               0x08003295   Thumb Code    26  usart.o(i.USART_Putc)
    USARTx_Init                              0x080032b1   Thumb Code   218  usart.o(i.USARTx_Init)
    UsageFault_Handler                       0x08003399   Thumb Code     4  stm32f10x_it.o(i.UsageFault_Handler)
    __ARM_fpclassify                         0x0800339d   Thumb Code    40  fpclassify.o(i.__ARM_fpclassify)
    _is_digit                                0x080033c5   Thumb Code    14  __printf_wp.o(i._is_digit)
    delay_init                               0x080033d5   Thumb Code    76  delay.o(i.delay_init)
    delay_ms                                 0x08003431   Thumb Code    66  delay.o(i.delay_ms)
    delay_osschedlock                        0x08003481   Thumb Code     8  delay.o(i.delay_osschedlock)
    delay_osschedunlock                      0x08003489   Thumb Code     8  delay.o(i.delay_osschedunlock)
    delay_ostimedly                          0x08003491   Thumb Code    12  delay.o(i.delay_ostimedly)
    delay_us                                 0x0800349d   Thumb Code    86  delay.o(i.delay_us)
    ds18b20_read                             0x080034f9   Thumb Code   124  ds18b20.o(i.ds18b20_read)
    fputc                                    0x08003579   Thumb Code    18  usart.o(i.fputc)
    get_channel                              0x08003591   Thumb Code    98  servo_drive.o(i.get_channel)
    get_timer_address                        0x080035f5   Thumb Code    62  servo_drive.o(i.get_timer_address)
    get_timer_pin                            0x0800363d   Thumb Code    62  servo_drive.o(i.get_timer_pin)
    init_GP                                  0x0800367d   Thumb Code   164  gp_drive.o(i.init_GP)
    lcd_Control_Write                        0x08003731   Thumb Code    66  i2c_lcd.o(i.lcd_Control_Write)
    lcd_Data_Write                           0x08003773   Thumb Code    70  i2c_lcd.o(i.lcd_Data_Write)
    lcd_Write_byte                           0x080037b9   Thumb Code    84  i2c_lcd.o(i.lcd_Write_byte)
    lcd_init                                 0x08003819   Thumb Code    88  i2c_lcd.o(i.lcd_init)
    lcd_send_string                          0x08003871   Thumb Code    22  i2c_lcd.o(i.lcd_send_string)
    main                                     0x08003889   Thumb Code   120  main.o(i.main)
    main_task                                0x08003939   Thumb Code   516  main.o(i.main_task)
    servo_180_deg                            0x08003ba1   Thumb Code    50  servo_drive.o(i.servo_180_deg)
    servo_task                               0x08003bd5   Thumb Code    90  main.o(i.servo_task)
    show_task                                0x08003c35   Thumb Code    32  main.o(i.show_task)
    start_task                               0x08003c5d   Thumb Code   110  main.o(i.start_task)
    timer_pwm_micro                          0x08003d01   Thumb Code   252  servo_drive.o(i.timer_pwm_micro)
    _get_lc_numeric                          0x08003e01   Thumb Code    44  lc_numeric_c.o(locale$$code)
    __aeabi_d2f                              0x08003e2d   Thumb Code     0  d2f.o(x$fpl$d2f)
    _d2f                                     0x08003e2d   Thumb Code    98  d2f.o(x$fpl$d2f)
    __aeabi_ddiv                             0x08003e91   Thumb Code     0  ddiv.o(x$fpl$ddiv)
    _ddiv                                    0x08003e91   Thumb Code   552  ddiv.o(x$fpl$ddiv)
    __aeabi_ui2d                             0x08004141   Thumb Code     0  dflt_clz.o(x$fpl$dfltu)
    _dfltu                                   0x08004141   Thumb Code    38  dflt_clz.o(x$fpl$dfltu)
    __fpl_dnaninf                            0x08004167   Thumb Code   156  dnaninf.o(x$fpl$dnaninf)
    __fpl_dretinf                            0x08004203   Thumb Code    12  dretinf.o(x$fpl$dretinf)
    __aeabi_f2d                              0x08004211   Thumb Code     0  f2d.o(x$fpl$f2d)
    _f2d                                     0x08004211   Thumb Code    86  f2d.o(x$fpl$f2d)
    __fpl_fcmp_Inf                           0x08004267   Thumb Code    24  fcmpi.o(x$fpl$fcmpinf)
    __aeabi_cfcmple                          0x08004281   Thumb Code     0  fleqf.o(x$fpl$fleqf)
    _fcmple                                  0x08004281   Thumb Code   104  fleqf.o(x$fpl$fleqf)
    __fpl_fcmple_InfNaN                      0x080042d3   Thumb Code     0  fleqf.o(x$fpl$fleqf)
    __fpl_fnaninf                            0x080042e9   Thumb Code   140  fnaninf.o(x$fpl$fnaninf)
    __fpl_fretinf                            0x08004375   Thumb Code    10  fretinf.o(x$fpl$fretinf)
    __aeabi_cfrcmple                         0x0800437f   Thumb Code     0  frleqf.o(x$fpl$frleqf)
    _frcmple                                 0x0800437f   Thumb Code    98  frleqf.o(x$fpl$frleqf)
    _printf_fp_dec                           0x080043e1   Thumb Code     4  printf1.o(x$fpl$printf1)
    OSUnMapTbl                               0x080043e4   Data         256  os_core.o(.constdata)
    __I$use$fp                               0x080043e4   Number         0  usenofp.o(x$fpl$usenofp)
    Region$$Table$$Base                      0x08004578   Number         0  anon$$obj.o(Region$$Table)
    Region$$Table$$Limit                     0x08004598   Number         0  anon$$obj.o(Region$$Table)
    msg_key                                  0x20000000   Data           4  main.o(.data)
    deg                                      0x20000004   Data           4  main.o(.data)
    speed                                    0x20000008   Data           4  main.o(.data)
    i                                        0x2000000c   Data           4  main.o(.data)
    n                                        0x20000010   Data           4  main.o(.data)
    h                                        0x20000014   Data           4  main.o(.data)
    m                                        0x20000018   Data           4  main.o(.data)
    t                                        0x2000001c   Data           4  main.o(.data)
    k                                        0x20000020   Data           4  main.o(.data)
    hh                                       0x20000024   Data           4  main.o(.data)
    mm                                       0x20000028   Data           4  main.o(.data)
    ss                                       0x2000002c   Data           4  main.o(.data)
    nhietdo                                  0x20000030   Data           4  main.o(.data)
    SystemCoreClock                          0x20000034   Data           4  system_stm32f10x_1.o(.data)
    AHBPrescTable                            0x20000038   Data          16  system_stm32f10x_1.o(.data)
    HH                                       0x20000048   Data           4  rtc_btl.o(.data)
    MM                                       0x2000004c   Data           4  rtc_btl.o(.data)
    SS                                       0x20000050   Data           4  rtc_btl.o(.data)
    T                                        0x20000054   Data           4  rtc_btl.o(.data)
    LS                                       0x20000058   Data           4  rtc_btl.o(.data)
    __stdout                                 0x20000060   Data           4  usart.o(.data)
    F4_USART1                                0x20000064   Data          12  usart.o(.data)
    F4_USART2                                0x20000070   Data          12  usart.o(.data)
    F4_USART3                                0x2000007c   Data          12  usart.o(.data)
    GPIO_InitStruct                          0x20000088   Data           4  usart.o(.data)
    OSCtxSwCtr                               0x200000a0   Data           4  os_core.o(.data)
    OSEventFreeList                          0x200000a4   Data           4  os_core.o(.data)
    OSFlagFreeList                           0x200000a8   Data           4  os_core.o(.data)
    OSCPUUsage                               0x200000ac   Data           1  os_core.o(.data)
    OSIdleCtrMax                             0x200000b0   Data           4  os_core.o(.data)
    OSIdleCtrRun                             0x200000b4   Data           4  os_core.o(.data)
    OSStatRdy                                0x200000b8   Data           1  os_core.o(.data)
    OSIntNesting                             0x200000b9   Data           1  os_core.o(.data)
    OSLockNesting                            0x200000ba   Data           1  os_core.o(.data)
    OSPrioCur                                0x200000bb   Data           1  os_core.o(.data)
    OSPrioHighRdy                            0x200000bc   Data           1  os_core.o(.data)
    OSRdyGrp                                 0x200000bd   Data           1  os_core.o(.data)
    OSRdyTbl                                 0x200000be   Data           8  os_core.o(.data)
    OSRunning                                0x200000c6   Data           1  os_core.o(.data)
    OSTaskCtr                                0x200000c7   Data           1  os_core.o(.data)
    OSIdleCtr                                0x200000c8   Data           4  os_core.o(.data)
    OSTCBCur                                 0x200000cc   Data           4  os_core.o(.data)
    OSTCBFreeList                            0x200000d0   Data           4  os_core.o(.data)
    OSTCBHighRdy                             0x200000d4   Data           4  os_core.o(.data)
    OSTCBList                                0x200000d8   Data           4  os_core.o(.data)
    OSTickStepState                          0x200000dc   Data           1  os_core.o(.data)
    OSQFreeList                              0x200000e0   Data           4  os_core.o(.data)
    OSTime                                   0x200000e4   Data           4  os_core.o(.data)
    START_TASK_STK                           0x200000e8   Data         256  main.o(.bss)
    READ_TEMPERATURE_STK                     0x200001e8   Data         256  main.o(.bss)
    SERVO_TASK_STK                           0x200002e8   Data         512  main.o(.bss)
    SHOW_TASK_STK                            0x200004e8   Data         256  main.o(.bss)
    LIGH_CTR_STK                             0x200005e8   Data         128  main.o(.bss)
    TEMPERATURE_CTR_STK                      0x20000668   Data         128  main.o(.bss)
    RTC_TASK_STK                             0x200006e8   Data         512  main.o(.bss)
    a                                        0x200008e8   Data          16  main.o(.bss)
    des                                      0x200008f8   Data          16  main.o(.bss)
    str                                      0x20000908   Data          20  main.o(.bss)
    USART1_Buffer                            0x2000091c   Data          32  usart.o(.bss)
    USART2_Buffer                            0x2000093c   Data          32  usart.o(.bss)
    USART3_Buffer                            0x2000095c   Data          32  usart.o(.bss)
    OSEventTbl                               0x2000097c   Data         200  os_core.o(.bss)
    OSFlagTbl                                0x20000a44   Data          80  os_core.o(.bss)
    OSTaskStatStk                            0x20000a94   Data         512  os_core.o(.bss)
    OSTaskIdleStk                            0x20000c94   Data         512  os_core.o(.bss)
    OSTCBPrioTbl                             0x20000e94   Data         256  os_core.o(.bss)
    OSTCBTbl                                 0x20000f94   Data        1008  os_core.o(.bss)
    OSQTbl                                   0x20001384   Data         120  os_core.o(.bss)
    __libspace_start                         0x200013fc   Data          96  libspace.o(.bss)
    __temporary_stack_top$libspace           0x2000145c   Data           0  libspace.o(.bss)



==============================================================================

Memory Map of the image

  Image Entry point : 0x080001a9

  Load Region LR_1 (Base: 0x08000000, Size: 0x0000469c, Max: 0xffffffff, ABSOLUTE)

    Execution Region ER_RO (Exec base: 0x08000000, Load base: 0x08000000, Size: 0x000045b4, Max: 0xffffffff, ABSOLUTE)

    Exec Addr    Load Addr    Size         Type   Attr      Idx    E Section Name        Object

    0x08000000   0x08000000   0x000000ec   Data   RO         1053    RESET               startup_stm32f10x_md.o
    0x080000ec   0x080000ec   0x00000008   Code   RO         2804  * !!!main             c_w.l(__main.o)
    0x080000f4   0x080000f4   0x00000034   Code   RO         3052    !!!scatter          c_w.l(__scatter.o)
    0x08000128   0x08000128   0x0000001a   Code   RO         3054    !!handler_copy      c_w.l(__scatter_copy.o)
    0x08000142   0x08000142   0x00000002   PAD
    0x08000144   0x08000144   0x0000001c   Code   RO         3056    !!handler_zi        c_w.l(__scatter_zi.o)
    0x08000160   0x08000160   0x00000000   Code   RO         2801    .ARM.Collect$$_printf_percent$$00000000  c_w.l(_printf_percent.o)
    0x08000160   0x08000160   0x00000006   Code   RO         2800    .ARM.Collect$$_printf_percent$$00000003  c_w.l(_printf_f.o)
    0x08000166   0x08000166   0x00000006   Code   RO         2799    .ARM.Collect$$_printf_percent$$00000009  c_w.l(_printf_d.o)
    0x0800016c   0x0800016c   0x00000004   Code   RO         2837    .ARM.Collect$$_printf_percent$$00000017  c_w.l(_printf_percent_end.o)
    0x08000170   0x08000170   0x00000002   Code   RO         2925    .ARM.Collect$$libinit$$00000000  c_w.l(libinit.o)
    0x08000172   0x08000172   0x00000000   Code   RO         2927    .ARM.Collect$$libinit$$00000002  c_w.l(libinit2.o)
    0x08000172   0x08000172   0x00000000   Code   RO         2929    .ARM.Collect$$libinit$$00000004  c_w.l(libinit2.o)
    0x08000172   0x08000172   0x00000000   Code   RO         2932    .ARM.Collect$$libinit$$0000000A  c_w.l(libinit2.o)
    0x08000172   0x08000172   0x00000000   Code   RO         2934    .ARM.Collect$$libinit$$0000000C  c_w.l(libinit2.o)
    0x08000172   0x08000172   0x00000000   Code   RO         2936    .ARM.Collect$$libinit$$0000000E  c_w.l(libinit2.o)
    0x08000172   0x08000172   0x00000006   Code   RO         2937    .ARM.Collect$$libinit$$0000000F  c_w.l(libinit2.o)
    0x08000178   0x08000178   0x00000000   Code   RO         2939    .ARM.Collect$$libinit$$00000011  c_w.l(libinit2.o)
    0x08000178   0x08000178   0x00000000   Code   RO         2941    .ARM.Collect$$libinit$$00000013  c_w.l(libinit2.o)
    0x08000178   0x08000178   0x00000000   Code   RO         2943    .ARM.Collect$$libinit$$00000015  c_w.l(libinit2.o)
    0x08000178   0x08000178   0x0000000a   Code   RO         2944    .ARM.Collect$$libinit$$00000016  c_w.l(libinit2.o)
    0x08000182   0x08000182   0x00000000   Code   RO         2945    .ARM.Collect$$libinit$$00000017  c_w.l(libinit2.o)
    0x08000182   0x08000182   0x00000000   Code   RO         2947    .ARM.Collect$$libinit$$00000019  c_w.l(libinit2.o)
    0x08000182   0x08000182   0x00000000   Code   RO         2949    .ARM.Collect$$libinit$$0000001B  c_w.l(libinit2.o)
    0x08000182   0x08000182   0x00000000   Code   RO         2951    .ARM.Collect$$libinit$$0000001D  c_w.l(libinit2.o)
    0x08000182   0x08000182   0x00000000   Code   RO         2953    .ARM.Collect$$libinit$$0000001F  c_w.l(libinit2.o)
    0x08000182   0x08000182   0x00000000   Code   RO         2955    .ARM.Collect$$libinit$$00000021  c_w.l(libinit2.o)
    0x08000182   0x08000182   0x00000000   Code   RO         2957    .ARM.Collect$$libinit$$00000023  c_w.l(libinit2.o)
    0x08000182   0x08000182   0x00000000   Code   RO         2959    .ARM.Collect$$libinit$$00000025  c_w.l(libinit2.o)
    0x08000182   0x08000182   0x00000000   Code   RO         2963    .ARM.Collect$$libinit$$0000002C  c_w.l(libinit2.o)
    0x08000182   0x08000182   0x00000000   Code   RO         2965    .ARM.Collect$$libinit$$0000002E  c_w.l(libinit2.o)
    0x08000182   0x08000182   0x00000000   Code   RO         2967    .ARM.Collect$$libinit$$00000030  c_w.l(libinit2.o)
    0x08000182   0x08000182   0x00000000   Code   RO         2969    .ARM.Collect$$libinit$$00000032  c_w.l(libinit2.o)
    0x08000182   0x08000182   0x00000002   Code   RO         2970    .ARM.Collect$$libinit$$00000033  c_w.l(libinit2.o)
    0x08000184   0x08000184   0x00000002   Code   RO         3000    .ARM.Collect$$libshutdown$$00000000  c_w.l(libshutdown.o)
    0x08000186   0x08000186   0x00000000   Code   RO         3011    .ARM.Collect$$libshutdown$$00000002  c_w.l(libshutdown2.o)
    0x08000186   0x08000186   0x00000000   Code   RO         3013    .ARM.Collect$$libshutdown$$00000004  c_w.l(libshutdown2.o)
    0x08000186   0x08000186   0x00000000   Code   RO         3016    .ARM.Collect$$libshutdown$$00000007  c_w.l(libshutdown2.o)
    0x08000186   0x08000186   0x00000000   Code   RO         3019    .ARM.Collect$$libshutdown$$0000000A  c_w.l(libshutdown2.o)
    0x08000186   0x08000186   0x00000000   Code   RO         3021    .ARM.Collect$$libshutdown$$0000000C  c_w.l(libshutdown2.o)
    0x08000186   0x08000186   0x00000000   Code   RO         3024    .ARM.Collect$$libshutdown$$0000000F  c_w.l(libshutdown2.o)
    0x08000186   0x08000186   0x00000002   Code   RO         3025    .ARM.Collect$$libshutdown$$00000010  c_w.l(libshutdown2.o)
    0x08000188   0x08000188   0x00000000   Code   RO         2826    .ARM.Collect$$rtentry$$00000000  c_w.l(__rtentry.o)
    0x08000188   0x08000188   0x00000000   Code   RO         2850    .ARM.Collect$$rtentry$$00000002  c_w.l(__rtentry2.o)
    0x08000188   0x08000188   0x00000006   Code   RO         2862    .ARM.Collect$$rtentry$$00000004  c_w.l(__rtentry4.o)
    0x0800018e   0x0800018e   0x00000000   Code   RO         2852    .ARM.Collect$$rtentry$$00000009  c_w.l(__rtentry2.o)
    0x0800018e   0x0800018e   0x00000004   Code   RO         2853    .ARM.Collect$$rtentry$$0000000A  c_w.l(__rtentry2.o)
    0x08000192   0x08000192   0x00000000   Code   RO         2855    .ARM.Collect$$rtentry$$0000000C  c_w.l(__rtentry2.o)
    0x08000192   0x08000192   0x00000008   Code   RO         2856    .ARM.Collect$$rtentry$$0000000D  c_w.l(__rtentry2.o)
    0x0800019a   0x0800019a   0x00000002   Code   RO         2971    .ARM.Collect$$rtexit$$00000000  c_w.l(rtexit.o)
    0x0800019c   0x0800019c   0x00000000   Code   RO         2978    .ARM.Collect$$rtexit$$00000002  c_w.l(rtexit2.o)
    0x0800019c   0x0800019c   0x00000004   Code   RO         2979    .ARM.Collect$$rtexit$$00000003  c_w.l(rtexit2.o)
    0x080001a0   0x080001a0   0x00000006   Code   RO         2980    .ARM.Collect$$rtexit$$00000004  c_w.l(rtexit2.o)
    0x080001a6   0x080001a6   0x00000002   PAD
    0x080001a8   0x080001a8   0x00000040   Code   RO         1054  * .text               startup_stm32f10x_md.o
    0x080001e8   0x080001e8   0x000000b4   Code   RO         2678    .text               os_cpu_a.o
    0x0800029c   0x0800029c   0x00000018   Code   RO         2769    .text               c_w.l(noretval__2printf.o)
    0x080002b4   0x080002b4   0x00000028   Code   RO         2771    .text               c_w.l(noretval__2sprintf.o)
    0x080002dc   0x080002dc   0x0000004e   Code   RO         2775    .text               c_w.l(_printf_pad.o)
    0x0800032a   0x0800032a   0x00000002   PAD
    0x0800032c   0x0800032c   0x00000078   Code   RO         2777    .text               c_w.l(_printf_dec.o)
    0x080003a4   0x080003a4   0x0000010e   Code   RO         2787    .text               c_w.l(__printf_wp.o)
    0x080004b2   0x080004b2   0x00000006   Code   RO         2802    .text               c_w.l(heapauxi.o)
    0x080004b8   0x080004b8   0x000000b2   Code   RO         2827    .text               c_w.l(_printf_intcommon.o)
    0x0800056a   0x0800056a   0x0000041e   Code   RO         2829    .text               c_w.l(_printf_fp_dec.o)
    0x08000988   0x08000988   0x00000030   Code   RO         2831    .text               c_w.l(_printf_char_common.o)
    0x080009b8   0x080009b8   0x0000000a   Code   RO         2833    .text               c_w.l(_sputc.o)
    0x080009c2   0x080009c2   0x00000002   PAD
    0x080009c4   0x080009c4   0x00000024   Code   RO         2835    .text               c_w.l(_printf_char_file.o)
    0x080009e8   0x080009e8   0x00000008   Code   RO         2867    .text               c_w.l(rt_locale_intlibspace.o)
    0x080009f0   0x080009f0   0x0000008a   Code   RO         2869    .text               c_w.l(lludiv10.o)
    0x08000a7a   0x08000a7a   0x00000002   PAD
    0x08000a7c   0x08000a7c   0x00000080   Code   RO         2871    .text               c_w.l(_printf_fp_infnan.o)
    0x08000afc   0x08000afc   0x000000e4   Code   RO         2875    .text               c_w.l(bigflt0.o)
    0x08000be0   0x08000be0   0x00000008   Code   RO         2900    .text               c_w.l(ferror.o)
    0x08000be8   0x08000be8   0x00000008   Code   RO         2911    .text               c_w.l(libspace.o)
    0x08000bf0   0x08000bf0   0x0000004a   Code   RO         2914    .text               c_w.l(sys_stackheap_outer.o)
    0x08000c3a   0x08000c3a   0x00000012   Code   RO         2916    .text               c_w.l(exit.o)
    0x08000c4c   0x08000c4c   0x00000080   Code   RO         2918    .text               c_w.l(strcmpv7m.o)
    0x08000ccc   0x08000ccc   0x0000000c   Code   RO         2990    .text               c_w.l(sys_exit.o)
    0x08000cd8   0x08000cd8   0x00000002   Code   RO         3001    .text               c_w.l(use_no_semi.o)
    0x08000cda   0x08000cda   0x00000000   Code   RO         3003    .text               c_w.l(indicate_semi.o)
    0x08000cda   0x08000cda   0x0000003e   Code   RO         2878    CL$$btod_d2e        c_w.l(btod.o)
    0x08000d18   0x08000d18   0x00000046   Code   RO         2880    CL$$btod_d2e_denorm_low  c_w.l(btod.o)
    0x08000d5e   0x08000d5e   0x00000060   Code   RO         2879    CL$$btod_d2e_norm_op1  c_w.l(btod.o)
    0x08000dbe   0x08000dbe   0x00000338   Code   RO         2888    CL$$btod_div_common  c_w.l(btod.o)
    0x080010f6   0x080010f6   0x000000dc   Code   RO         2885    CL$$btod_e2e        c_w.l(btod.o)
    0x080011d2   0x080011d2   0x0000002a   Code   RO         2882    CL$$btod_ediv       c_w.l(btod.o)
    0x080011fc   0x080011fc   0x0000002a   Code   RO         2881    CL$$btod_emul       c_w.l(btod.o)
    0x08001226   0x08001226   0x00000244   Code   RO         2887    CL$$btod_mult_common  c_w.l(btod.o)
    0x0800146a   0x0800146a   0x00000002   PAD
    0x0800146c   0x0800146c   0x0000001c   Code   RO         1823    i.BKP_ReadBackupRegister  stm32f10x_bkp.o
    0x08001488   0x08001488   0x0000001c   Code   RO         1827    i.BKP_WriteBackupRegister  stm32f10x_bkp.o
    0x080014a4   0x080014a4   0x00000004   Code   RO          212    i.BusFault_Handler  stm32f10x_it.o
    0x080014a8   0x080014a8   0x00000002   Code   RO          213    i.DebugMon_Handler  stm32f10x_it.o
    0x080014aa   0x080014aa   0x00000010   Code   RO          424    i.Delete_LCD        i2c_lcd.o
    0x080014ba   0x080014ba   0x00000116   Code   RO         1100    i.GPIO_Init         stm32f10x_gpio_1.o
    0x080015d0   0x080015d0   0x00000012   Code   RO         1104    i.GPIO_ReadInputDataBit  stm32f10x_gpio_1.o
    0x080015e2   0x080015e2   0x00000004   Code   RO         1107    i.GPIO_ResetBits    stm32f10x_gpio_1.o
    0x080015e6   0x080015e6   0x00000004   Code   RO         1108    i.GPIO_SetBits      stm32f10x_gpio_1.o
    0x080015ea   0x080015ea   0x00000020   Code   RO          635    i.GPIO_SetState     gpio.o
    0x0800160a   0x0800160a   0x00000004   Code   RO          214    i.HardFault_Handler  stm32f10x_it.o
    0x0800160e   0x0800160e   0x0000002a   Code   RO         1615    i.I2C_CheckEvent    stm32f10x_i2c.o
    0x08001638   0x08001638   0x00000018   Code   RO         1618    i.I2C_Cmd           stm32f10x_i2c.o
    0x08001650   0x08001650   0x00000018   Code   RO         1625    i.I2C_GenerateSTART  stm32f10x_i2c.o
    0x08001668   0x08001668   0x00000018   Code   RO         1626    i.I2C_GenerateSTOP  stm32f10x_i2c.o
    0x08001680   0x08001680   0x000000ec   Code   RO         1632    i.I2C_Init          stm32f10x_i2c.o
    0x0800176c   0x0800176c   0x00000074   Code   RO          425    i.I2C_LCD_Configuration  i2c_lcd.o
    0x080017e0   0x080017e0   0x00000012   Code   RO         1639    i.I2C_Send7bitAddress  stm32f10x_i2c.o
    0x080017f2   0x080017f2   0x00000004   Code   RO         1640    i.I2C_SendData      stm32f10x_i2c.o
    0x080017f6   0x080017f6   0x00000002   PAD
    0x080017f8   0x080017f8   0x00000054   Code   RO          380    i.LED_Init          led.o
    0x0800184c   0x0800184c   0x00000040   Code   RO            1    i.LIGH_CTR_task     main.o
    0x0800188c   0x0800188c   0x00000004   Code   RO          215    i.MemManage_Handler  stm32f10x_it.o
    0x08001890   0x08001890   0x00000002   Code   RO          216    i.NMI_Handler       stm32f10x_it.o
    0x08001892   0x08001892   0x00000002   PAD
    0x08001894   0x08001894   0x00000070   Code   RO         1058    i.NVIC_Init         misc.o
    0x08001904   0x08001904   0x00000014   Code   RO         1059    i.NVIC_PriorityGroupConfig  misc.o
    0x08001918   0x08001918   0x0000002c   Code   RO         2044    i.OSInit            os_core.o
    0x08001944   0x08001944   0x00000002   Code   RO         2681    i.OSInitHookBegin   os_cpu_c.o
    0x08001946   0x08001946   0x00000002   Code   RO         2682    i.OSInitHookEnd     os_cpu_c.o
    0x08001948   0x08001948   0x00000024   Code   RO         2045    i.OSIntEnter        os_core.o
    0x0800196c   0x0800196c   0x00000090   Code   RO         2046    i.OSIntExit         os_core.o
    0x080019fc   0x080019fc   0x0000004c   Code   RO         2308    i.OSMboxCreate      os_mbox.o
    0x08001a48   0x08001a48   0x00000040   Code   RO         2047    i.OSSchedLock       os_core.o
    0x08001a88   0x08001a88   0x00000060   Code   RO         2048    i.OSSchedUnlock     os_core.o
    0x08001ae8   0x08001ae8   0x00000048   Code   RO         2049    i.OSStart           os_core.o
    0x08001b30   0x08001b30   0x00000002   Code   RO         2683    i.OSTCBInitHook     os_cpu_c.o
    0x08001b32   0x08001b32   0x00000002   PAD
    0x08001b34   0x08001b34   0x000000a0   Code   RO         2541    i.OSTaskCreate      os_task.o
    0x08001bd4   0x08001bd4   0x000000b8   Code   RO         2542    i.OSTaskCreateExt   os_task.o
    0x08001c8c   0x08001c8c   0x00000002   Code   RO         2684    i.OSTaskCreateHook  os_cpu_c.o
    0x08001c8e   0x08001c8e   0x00000002   Code   RO         2686    i.OSTaskIdleHook    os_cpu_c.o
    0x08001c90   0x08001c90   0x00000070   Code   RO         2546    i.OSTaskNameSet     os_task.o
    0x08001d00   0x08001d00   0x00000002   Code   RO         2688    i.OSTaskStatHook    os_cpu_c.o
    0x08001d02   0x08001d02   0x00000002   PAD
    0x08001d04   0x08001d04   0x0000008c   Code   RO         2551    i.OSTaskStkChk      os_task.o
    0x08001d90   0x08001d90   0x0000009a   Code   RO         2689    i.OSTaskStkInit     os_cpu_c.o
    0x08001e2a   0x08001e2a   0x00000002   PAD
    0x08001e2c   0x08001e2c   0x000000a8   Code   RO         2552    i.OSTaskSuspend     os_task.o
    0x08001ed4   0x08001ed4   0x00000002   Code   RO         2690    i.OSTaskSwHook      os_cpu_c.o
    0x08001ed6   0x08001ed6   0x00000002   PAD
    0x08001ed8   0x08001ed8   0x00000078   Code   RO         2636    i.OSTimeDly         os_time.o
    0x08001f50   0x08001f50   0x000000ec   Code   RO         2051    i.OSTimeTick        os_core.o
    0x0800203c   0x0800203c   0x00000002   Code   RO         2691    i.OSTimeTickHook    os_cpu_c.o
    0x0800203e   0x0800203e   0x0000001c   Code   RO         2057    i.OS_EventWaitListInit  os_core.o
    0x0800205a   0x0800205a   0x00000002   PAD
    0x0800205c   0x0800205c   0x00000058   Code   RO         2235    i.OS_FlagInit       os_flag.o
    0x080020b4   0x080020b4   0x00000054   Code   RO         2058    i.OS_InitEventList  os_core.o
    0x08002108   0x08002108   0x00000054   Code   RO         2059    i.OS_InitMisc       os_core.o
    0x0800215c   0x0800215c   0x00000044   Code   RO         2060    i.OS_InitRdyList    os_core.o
    0x080021a0   0x080021a0   0x00000080   Code   RO         2061    i.OS_InitTCBList    os_core.o
    0x08002220   0x08002220   0x00000050   Code   RO         2062    i.OS_InitTaskIdle   os_core.o
    0x08002270   0x08002270   0x00000050   Code   RO         2063    i.OS_InitTaskStat   os_core.o
    0x080022c0   0x080022c0   0x00000012   Code   RO         2064    i.OS_MemClr         os_core.o
    0x080022d2   0x080022d2   0x00000002   PAD
    0x080022d4   0x080022d4   0x00000050   Code   RO         2424    i.OS_QInit          os_q.o
    0x08002324   0x08002324   0x00000074   Code   RO         2066    i.OS_Sched          os_core.o
    0x08002398   0x08002398   0x0000002c   Code   RO         2067    i.OS_SchedNew       os_core.o
    0x080023c4   0x080023c4   0x00000134   Code   RO         2069    i.OS_TCBInit        os_core.o
    0x080024f8   0x080024f8   0x00000028   Code   RO         2070    i.OS_TaskIdle       os_core.o
    0x08002520   0x08002520   0x00000088   Code   RO         2071    i.OS_TaskStat       os_core.o
    0x080025a8   0x080025a8   0x0000003c   Code   RO         2072    i.OS_TaskStatStkChk  os_core.o
    0x080025e4   0x080025e4   0x0000001a   Code   RO         2554    i.OS_TaskStkClr     os_task.o
    0x080025fe   0x080025fe   0x00000002   PAD
    0x08002600   0x08002600   0x00000060   Code   RO          585    i.OneWire_Read      ds18b20.o
    0x08002660   0x08002660   0x00000044   Code   RO          586    i.OneWire_Reset     ds18b20.o
    0x080026a4   0x080026a4   0x00000068   Code   RO          587    i.OneWire_Write     ds18b20.o
    0x0800270c   0x0800270c   0x00000020   Code   RO         1234    i.RCC_APB1PeriphClockCmd  stm32f10x_rcc.o
    0x0800272c   0x0800272c   0x00000020   Code   RO         1235    i.RCC_APB1PeriphResetCmd  stm32f10x_rcc.o
    0x0800274c   0x0800274c   0x00000020   Code   RO         1236    i.RCC_APB2PeriphClockCmd  stm32f10x_rcc.o
    0x0800276c   0x0800276c   0x00000020   Code   RO         1237    i.RCC_APB2PeriphResetCmd  stm32f10x_rcc.o
    0x0800278c   0x0800278c   0x00000014   Code   RO         1240    i.RCC_ClearFlag     stm32f10x_rcc.o
    0x080027a0   0x080027a0   0x000000d4   Code   RO         1244    i.RCC_GetClocksFreq  stm32f10x_rcc.o
    0x08002874   0x08002874   0x00000044   Code   RO            2    i.READ_TEMPERATURE  main.o
    0x080028b8   0x080028b8   0x000000a4   Code   RO          492    i.RTC_Configuration  rtc_btl.o
    0x0800295c   0x0800295c   0x00000014   Code   RO         1956    i.RTC_EnterConfigMode  stm32f10x_rtc.o
    0x08002970   0x08002970   0x00000014   Code   RO         1957    i.RTC_ExitConfigMode  stm32f10x_rtc.o
    0x08002984   0x08002984   0x00000014   Code   RO         1958    i.RTC_GetCounter    stm32f10x_rtc.o
    0x08002998   0x08002998   0x0000001c   Code   RO         1964    i.RTC_SetCounter    stm32f10x_rtc.o
    0x080029b4   0x080029b4   0x00000014   Code   RO         1966    i.RTC_WaitForLastTask  stm32f10x_rtc.o
    0x080029c8   0x080029c8   0x00000024   Code   RO         1967    i.RTC_WaitForSynchro  stm32f10x_rtc.o
    0x080029ec   0x080029ec   0x00000058   Code   RO          493    i.RTC_init          rtc_btl.o
    0x08002a44   0x08002a44   0x00000002   Code   RO          217    i.SVC_Handler       stm32f10x_it.o
    0x08002a46   0x08002a46   0x00000008   Code   RO          346    i.SetSysClock       system_stm32f10x_1.o
    0x08002a4e   0x08002a4e   0x00000002   PAD
    0x08002a50   0x08002a50   0x000000e0   Code   RO          347    i.SetSysClockTo72   system_stm32f10x_1.o
    0x08002b30   0x08002b30   0x00000028   Code   RO         1062    i.SysTick_CLKSourceConfig  misc.o
    0x08002b58   0x08002b58   0x0000001c   Code   RO          819    i.SysTick_Handler   delay.o
    0x08002b74   0x08002b74   0x00000060   Code   RO          349    i.SystemInit        system_stm32f10x_1.o
    0x08002bd4   0x08002bd4   0x00000064   Code   RO            3    i.TEMPERATURE_CTR_task  main.o
    0x08002c38   0x08002c38   0x00000038   Code   RO          494    i.Time_Current      rtc_btl.o
    0x08002c70   0x08002c70   0x00000028   Code   RO          910    i.USART1_IRQHandler  usart.o
    0x08002c98   0x08002c98   0x00000088   Code   RO          911    i.USART1_InitPins   usart.o
    0x08002d20   0x08002d20   0x00000028   Code   RO          912    i.USART2_IRQHandler  usart.o
    0x08002d48   0x08002d48   0x0000008c   Code   RO          913    i.USART2_InitPins   usart.o
    0x08002dd4   0x08002dd4   0x00000028   Code   RO          914    i.USART3_IRQHandler  usart.o
    0x08002dfc   0x08002dfc   0x000000d4   Code   RO          915    i.USART3_InitPins   usart.o
    0x08002ed0   0x08002ed0   0x00000018   Code   RO          916    i.USART_BufferEmpty  usart.o
    0x08002ee8   0x08002ee8   0x0000001c   Code   RO          917    i.USART_BufferFull  usart.o
    0x08002f04   0x08002f04   0x00000018   Code   RO         1436    i.USART_Cmd         stm32f10x_usart.o
    0x08002f1c   0x08002f1c   0x0000009c   Code   RO         1438    i.USART_DeInit      stm32f10x_usart.o
    0x08002fb8   0x08002fb8   0x0000003a   Code   RO          919    i.USART_FindCharacter  usart.o
    0x08002ff2   0x08002ff2   0x0000001a   Code   RO         1439    i.USART_GetFlagStatus  stm32f10x_usart.o
    0x0800300c   0x0800300c   0x00000054   Code   RO         1440    i.USART_GetITStatus  stm32f10x_usart.o
    0x08003060   0x08003060   0x00000036   Code   RO          920    i.USART_Getc        usart.o
    0x08003096   0x08003096   0x00000052   Code   RO          921    i.USART_Gets        usart.o
    0x080030e8   0x080030e8   0x00000028   Code   RO          922    i.USART_INT_GetSubPriority  usart.o
    0x08003110   0x08003110   0x00000034   Code   RO          923    i.USART_INT_GetUsart  usart.o
    0x08003144   0x08003144   0x0000002c   Code   RO          924    i.USART_INT_InsertToBuffer  usart.o
    0x08003170   0x08003170   0x0000004a   Code   RO         1442    i.USART_ITConfig    stm32f10x_usart.o
    0x080031ba   0x080031ba   0x00000002   PAD
    0x080031bc   0x080031bc   0x000000d8   Code   RO         1443    i.USART_Init        stm32f10x_usart.o
    0x08003294   0x08003294   0x0000001a   Code   RO          925    i.USART_Putc        usart.o
    0x080032ae   0x080032ae   0x00000002   PAD
    0x080032b0   0x080032b0   0x000000e8   Code   RO          927    i.USARTx_Init       usart.o
    0x08003398   0x08003398   0x00000004   Code   RO          218    i.UsageFault_Handler  stm32f10x_it.o
    0x0800339c   0x0800339c   0x00000028   Code   RO         2909    i.__ARM_fpclassify  m_ws.l(fpclassify.o)
    0x080033c4   0x080033c4   0x0000000e   Code   RO         2789    i._is_digit         c_w.l(__printf_wp.o)
    0x080033d2   0x080033d2   0x00000002   PAD
    0x080033d4   0x080033d4   0x0000005c   Code   RO          820    i.delay_init        delay.o
    0x08003430   0x08003430   0x00000050   Code   RO          821    i.delay_ms          delay.o
    0x08003480   0x08003480   0x00000008   Code   RO          822    i.delay_osschedlock  delay.o
    0x08003488   0x08003488   0x00000008   Code   RO          823    i.delay_osschedunlock  delay.o
    0x08003490   0x08003490   0x0000000c   Code   RO          824    i.delay_ostimedly   delay.o
    0x0800349c   0x0800349c   0x0000005c   Code   RO          825    i.delay_us          delay.o
    0x080034f8   0x080034f8   0x00000080   Code   RO          588    i.ds18b20_read      ds18b20.o
    0x08003578   0x08003578   0x00000018   Code   RO          928    i.fputc             usart.o
    0x08003590   0x08003590   0x00000062   Code   RO          658    i.get_channel       servo_drive.o
    0x080035f2   0x080035f2   0x00000002   PAD
    0x080035f4   0x080035f4   0x00000048   Code   RO          662    i.get_timer_address  servo_drive.o
    0x0800363c   0x0800363c   0x0000003e   Code   RO          663    i.get_timer_pin     servo_drive.o
    0x0800367a   0x0800367a   0x00000002   PAD
    0x0800367c   0x0800367c   0x000000b4   Code   RO          529    i.init_GP           gp_drive.o
    0x08003730   0x08003730   0x00000042   Code   RO          426    i.lcd_Control_Write  i2c_lcd.o
    0x08003772   0x08003772   0x00000046   Code   RO          427    i.lcd_Data_Write    i2c_lcd.o
    0x080037b8   0x080037b8   0x00000060   Code   RO          428    i.lcd_Write_byte    i2c_lcd.o
    0x08003818   0x08003818   0x00000058   Code   RO          429    i.lcd_init          i2c_lcd.o
    0x08003870   0x08003870   0x00000016   Code   RO          430    i.lcd_send_string   i2c_lcd.o
    0x08003886   0x08003886   0x00000002   PAD
    0x08003888   0x08003888   0x000000b0   Code   RO            4    i.main              main.o
    0x08003938   0x08003938   0x00000268   Code   RO            5    i.main_task         main.o
    0x08003ba0   0x08003ba0   0x00000032   Code   RO          664    i.servo_180_deg     servo_drive.o
    0x08003bd2   0x08003bd2   0x00000002   PAD
    0x08003bd4   0x08003bd4   0x00000060   Code   RO            6    i.servo_task        main.o
    0x08003c34   0x08003c34   0x00000028   Code   RO            7    i.show_task         main.o
    0x08003c5c   0x08003c5c   0x000000a4   Code   RO            8    i.start_task        main.o
    0x08003d00   0x08003d00   0x00000100   Code   RO          673    i.timer_pwm_micro   servo_drive.o
    0x08003e00   0x08003e00   0x0000002c   Code   RO         2905    locale$$code        c_w.l(lc_numeric_c.o)
    0x08003e2c   0x08003e2c   0x00000062   Code   RO         2806    x$fpl$d2f           fz_ws.l(d2f.o)
    0x08003e8e   0x08003e8e   0x00000002   PAD
    0x08003e90   0x08003e90   0x000002b0   Code   RO         2809    x$fpl$ddiv          fz_ws.l(ddiv.o)
    0x08004140   0x08004140   0x00000026   Code   RO         2812    x$fpl$dfltu         fz_ws.l(dflt_clz.o)
    0x08004166   0x08004166   0x0000009c   Code   RO         2838    x$fpl$dnaninf       fz_ws.l(dnaninf.o)
    0x08004202   0x08004202   0x0000000c   Code   RO         2840    x$fpl$dretinf       fz_ws.l(dretinf.o)
    0x0800420e   0x0800420e   0x00000002   PAD
    0x08004210   0x08004210   0x00000056   Code   RO         2818    x$fpl$f2d           fz_ws.l(f2d.o)
    0x08004266   0x08004266   0x00000018   Code   RO         2842    x$fpl$fcmpinf       fz_ws.l(fcmpi.o)
    0x0800427e   0x0800427e   0x00000002   PAD
    0x08004280   0x08004280   0x00000068   Code   RO         2820    x$fpl$fleqf         fz_ws.l(fleqf.o)
    0x080042e8   0x080042e8   0x0000008c   Code   RO         2844    x$fpl$fnaninf       fz_ws.l(fnaninf.o)
    0x08004374   0x08004374   0x0000000a   Code   RO         2846    x$fpl$fretinf       fz_ws.l(fretinf.o)
    0x0800437e   0x0800437e   0x00000062   Code   RO         2822    x$fpl$frleqf        fz_ws.l(frleqf.o)
    0x080043e0   0x080043e0   0x00000004   Code   RO         2824    x$fpl$printf1       fz_ws.l(printf1.o)
    0x080043e4   0x080043e4   0x00000000   Code   RO         2848    x$fpl$usenofp       fz_ws.l(usenofp.o)
    0x080043e4   0x080043e4   0x00000100   Data   RO         2074    .constdata          os_core.o
    0x080044e4   0x080044e4   0x00000094   Data   RO         2876    .constdata          c_w.l(bigflt0.o)
    0x08004578   0x08004578   0x00000020   Data   RO         3050    Region$$Table       anon$$obj.o
    0x08004598   0x08004598   0x0000001c   Data   RO         2904    locale$$data        c_w.l(lc_numeric_c.o)


    Execution Region ER_RW (Exec base: 0x20000000, Load base: 0x080045b4, Size: 0x000000e8, Max: 0xffffffff, ABSOLUTE)

    Exec Addr    Load Addr    Size         Type   Attr      Idx    E Section Name        Object

    0x20000000   0x080045b4   0x00000034   Data   RW           10    .data               main.o
    0x20000034   0x080045e8   0x00000014   Data   RW          350    .data               system_stm32f10x_1.o
    0x20000048   0x080045fc   0x00000014   Data   RW          495    .data               rtc_btl.o
    0x2000005c   0x08004610   0x00000004   Data   RW          828    .data               delay.o
    0x20000060   0x08004614   0x0000002c   Data   RW          930    .data               usart.o
    0x2000008c   0x08004640   0x00000014   Data   RW         1264    .data               stm32f10x_rcc.o
    0x200000a0   0x08004654   0x00000048   Data   RW         2075    .data               os_core.o


    Execution Region ER_ZI (Exec base: 0x200000e8, Load base: 0x0800469c, Size: 0x00001978, Max: 0xffffffff, ABSOLUTE)

    Exec Addr    Load Addr    Size         Type   Attr      Idx    E Section Name        Object

    0x200000e8        -       0x00000834   Zero   RW            9    .bss                main.o
    0x2000091c        -       0x00000060   Zero   RW          929    .bss                usart.o
    0x2000097c        -       0x00000a80   Zero   RW         2073    .bss                os_core.o
    0x200013fc        -       0x00000060   Zero   RW         2912    .bss                c_w.l(libspace.o)
    0x2000145c   0x0800469c   0x00000004   PAD
    0x20001460        -       0x00000200   Zero   RW         1052    HEAP                startup_stm32f10x_md.o
    0x20001660        -       0x00000400   Zero   RW         1051    STACK               startup_stm32f10x_md.o


==============================================================================

Image component sizes


      Code (inc. data)   RO Data    RW Data    ZI Data      Debug   Object Name

       320         40          0          4          0       3777   delay.o
       396         22          0          0          0       2262   ds18b20.o
       180         16          0          0          0        762   gp_drive.o
        32          0          0          0          0        928   gpio.o
       474         26          0          0          0      12105   i2c_lcd.o
        84         10          0          0          0     203879   led.o
      1324        276          0         52       2100      18966   main.o
       172         22          0          0          0       2045   misc.o
      1966        382        256         72       2688      19630   os_core.o
       180         36          0          0          0        336   os_cpu_a.o
       170          0          0          0          0      12731   os_cpu_c.o
        88         14          0          0          0        586   os_flag.o
        76          8          0          0          0        687   os_mbox.o
        80          8          0          0          0        559   os_q.o
       790         64          0          0          0       5388   os_task.o
       120         20          0          0          0        624   os_time.o
       308         38          0         20          0       1758   rtc_btl.o
       538         26          0          0          0       3812   servo_drive.o
        64         26        236          0       1536        804   startup_stm32f10x_md.o
        56         10          0          0          0       2195   stm32f10x_bkp.o
       304          0          0          0          0       3644   stm32f10x_gpio_1.o
       372         14          0          0          0       5882   stm32f10x_i2c.o
        22          0          0          0          0      33983   stm32f10x_it.o
       360         50          0         20          0       6020   stm32f10x_rcc.o
       144         28          0          0          0       2944   stm32f10x_rtc.o
       580         28          0          0          0       5671   stm32f10x_usart.o
         0          0          0          0          0         32   sys.o
       328         28          0         20          0       2077   system_stm32f10x_1.o
      1272        130          0         44         96      15233   usart.o

    ----------------------------------------------------------------------
     10832       1322        524        232       6420     369320   Object Totals
         0          0         32          0          0          0   (incl. Generated)
        32          0          0          0          0          0   (incl. Padding)

    ----------------------------------------------------------------------

      Code (inc. data)   RO Data    RW Data    ZI Data      Debug   Library Member Name

         8          0          0          0          0         68   __main.o
       284          0          0          0          0        156   __printf_wp.o
         0          0          0          0          0          0   __rtentry.o
        12          0          0          0          0          0   __rtentry2.o
         6          0          0          0          0          0   __rtentry4.o
        52          8          0          0          0          0   __scatter.o
        26          0          0          0          0          0   __scatter_copy.o
        28          0          0          0          0          0   __scatter_zi.o
        48          6          0          0          0         96   _printf_char_common.o
        36          4          0          0          0         80   _printf_char_file.o
         6          0          0          0          0          0   _printf_d.o
       120         16          0          0          0         92   _printf_dec.o
         6          0          0          0          0          0   _printf_f.o
      1054          0          0          0          0        216   _printf_fp_dec.o
       128         16          0          0          0         84   _printf_fp_infnan.o
       178          0          0          0          0         88   _printf_intcommon.o
        78          0          0          0          0        108   _printf_pad.o
         0          0          0          0          0          0   _printf_percent.o
         4          0          0          0          0          0   _printf_percent_end.o
        10          0          0          0          0         68   _sputc.o
       228          4        148          0          0         96   bigflt0.o
      1936        128          0          0          0        672   btod.o
        18          0          0          0          0         80   exit.o
         8          0          0          0          0         68   ferror.o
         6          0          0          0          0        152   heapauxi.o
         0          0          0          0          0          0   indicate_semi.o
        44         10         28          0          0         76   lc_numeric_c.o
         2          0          0          0          0          0   libinit.o
        18          0          0          0          0          0   libinit2.o
         2          0          0          0          0          0   libshutdown.o
         2          0          0          0          0          0   libshutdown2.o
         8          4          0          0         96         68   libspace.o
       138          0          0          0          0         80   lludiv10.o
        24          4          0          0          0         84   noretval__2printf.o
        40          6          0          0          0         84   noretval__2sprintf.o
         8          4          0          0          0         68   rt_locale_intlibspace.o
         2          0          0          0          0          0   rtexit.o
        10          0          0          0          0          0   rtexit2.o
       128          0          0          0          0         68   strcmpv7m.o
        12          4          0          0          0         68   sys_exit.o
        74          0          0          0          0         80   sys_stackheap_outer.o
         2          0          0          0          0         68   use_no_semi.o
        98          4          0          0          0         92   d2f.o
       688        140          0          0          0        208   ddiv.o
        38          0          0          0          0         68   dflt_clz.o
       156          4          0          0          0         92   dnaninf.o
        12          0          0          0          0         68   dretinf.o
        86          4          0          0          0         84   f2d.o
        24          0          0          0          0         68   fcmpi.o
       104          4          0          0          0         84   fleqf.o
       140          4          0          0          0         84   fnaninf.o
        10          0          0          0          0         68   fretinf.o
        98          0          0          0          0         68   frleqf.o
         4          0          0          0          0         68   printf1.o
         0          0          0          0          0          0   usenofp.o
        40          0          0          0          0         68   fpclassify.o

    ----------------------------------------------------------------------
      6312        374        176          0        100       3988   Library Totals
        20          0          0          0          4          0   (incl. Padding)

    ----------------------------------------------------------------------

      Code (inc. data)   RO Data    RW Data    ZI Data      Debug   Library Name

      4794        214        176          0         96       2868   c_w.l
      1458        160          0          0          0       1052   fz_ws.l
        40          0          0          0          0         68   m_ws.l

    ----------------------------------------------------------------------
      6312        374        176          0        100       3988   Library Totals

    ----------------------------------------------------------------------

==============================================================================


      Code (inc. data)   RO Data    RW Data    ZI Data      Debug   

     17144       1696        700        232       6520     364204   Grand Totals
     17144       1696        700        232       6520     364204   ELF Image Totals
     17144       1696        700        232          0          0   ROM Totals

==============================================================================

    Total RO  Size (Code + RO Data)                17844 (  17.43kB)
    Total RW  Size (RW Data + ZI Data)              6752 (   6.59kB)
    Total ROM Size (Code + RO Data + RW Data)      18076 (  17.65kB)

==============================================================================

